Archive member included because of file (symbol)

libbb/lib.a(appletlib.o)      /opt/mipseltools-gcc412-lnx26/lib/gcc/mipsel-linux/4.1.2/../../../../mipsel-linux/lib/crt1.o (main)
libbb/lib.a(concat_path_file.o)
                              libbb/lib.a(appletlib.o) (concat_path_file)
libbb/lib.a(default_error_retval.o)
                              libbb/lib.a(appletlib.o) (xfunc_error_retval)
libbb/lib.a(get_last_path_component.o)
                              libbb/lib.a(appletlib.o) (bb_get_last_path_component_nostrip)
libbb/lib.a(last_char_is.o)   libbb/lib.a(concat_path_file.o) (last_char_is)
libbb/lib.a(llist.o)          libbb/lib.a(appletlib.o) (llist_free)
libbb/lib.a(messages.o)       libbb/lib.a(appletlib.o) (bb_banner)
libbb/lib.a(perror_msg.o)     libbb/lib.a(appletlib.o) (bb_simple_perror_msg)
libbb/lib.a(ptr_to_globals.o)
                              libbb/lib.a(appletlib.o) (bb_errno)
libbb/lib.a(skip_whitespace.o)
                              libbb/lib.a(appletlib.o) (skip_whitespace)
libbb/lib.a(verror_msg.o)     libbb/lib.a(perror_msg.o) (bb_verror_msg)
libbb/lib.a(wfopen.o)         libbb/lib.a(appletlib.o) (fopen_for_read)
libbb/lib.a(xfunc_die.o)      libbb/lib.a(appletlib.o) (xfunc_die)
libbb/lib.a(xfuncs.o)         libbb/lib.a(appletlib.o) (get_terminal_width_height)
libbb/lib.a(xfuncs_printf.o)  libbb/lib.a(appletlib.o) (xsetuid)
libbb/lib.a(xreadlink.o)      libbb/lib.a(appletlib.o) (xmalloc_readlink)
libbb/lib.a(copyfd.o)         libbb/lib.a(xfuncs_printf.o) (bb_copyfd_eof)
libbb/lib.a(full_write.o)     libbb/lib.a(verror_msg.o) (full_write)
libbb/lib.a(read.o)           libbb/lib.a(copyfd.o) (safe_read)
libbb/lib.a(safe_write.o)     libbb/lib.a(full_write.o) (safe_write)
libbb/lib.a(time.o)           libbb/lib.a(xfuncs_printf.o) (monotonic_us)
libbb/lib.a(bb_strtonum.o)    libbb/lib.a(time.o) (bb_strtol)
libpwdgrp/lib.a(pwd_grp.o)    libbb/lib.a(appletlib.o) (bb_internal_getpwnam)
libpwdgrp/lib.a(uidgid_get.o)
                              libbb/lib.a(appletlib.o) (get_uidgid)
loginutils/lib.a(add-remove-shell.o)
                              libbb/lib.a(appletlib.o) (add_remove_shell_main)
loginutils/lib.a(addgroup.o)  libbb/lib.a(appletlib.o) (addgroup_main)
loginutils/lib.a(adduser.o)   libbb/lib.a(appletlib.o) (adduser_main)
loginutils/lib.a(chpasswd.o)  libbb/lib.a(appletlib.o) (chpasswd_main)
loginutils/lib.a(cryptpw.o)   libbb/lib.a(appletlib.o) (cryptpw_main)
loginutils/lib.a(deluser.o)   libbb/lib.a(appletlib.o) (deluser_main)
loginutils/lib.a(getty.o)     libbb/lib.a(appletlib.o) (getty_main)
loginutils/lib.a(login.o)     libbb/lib.a(appletlib.o) (login_main)
loginutils/lib.a(passwd.o)    libbb/lib.a(appletlib.o) (passwd_main)
loginutils/lib.a(su.o)        libbb/lib.a(appletlib.o) (su_main)
loginutils/lib.a(sulogin.o)   libbb/lib.a(appletlib.o) (sulogin_main)
loginutils/lib.a(vlock.o)     libbb/lib.a(appletlib.o) (vlock_main)
mailutils/lib.a(makemime.o)   libbb/lib.a(appletlib.o) (makemime_main)
mailutils/lib.a(popmaildir.o)
                              libbb/lib.a(appletlib.o) (popmaildir_main)
mailutils/lib.a(reformime.o)  libbb/lib.a(appletlib.o) (reformime_main)
mailutils/lib.a(sendmail.o)   libbb/lib.a(appletlib.o) (sendmail_main)
mailutils/lib.a(mail.o)       mailutils/lib.a(popmaildir.o) (get_cred_or_die)
miscutils/lib.a(adjtimex.o)   libbb/lib.a(appletlib.o) (adjtimex_main)
miscutils/lib.a(beep.o)       libbb/lib.a(appletlib.o) (beep_main)
miscutils/lib.a(chat.o)       libbb/lib.a(appletlib.o) (chat_main)
miscutils/lib.a(chrt.o)       libbb/lib.a(appletlib.o) (chrt_main)
miscutils/lib.a(conspy.o)     libbb/lib.a(appletlib.o) (conspy_main)
miscutils/lib.a(crond.o)      libbb/lib.a(appletlib.o) (crond_main)
miscutils/lib.a(crontab.o)    libbb/lib.a(appletlib.o) (crontab_main)
miscutils/lib.a(dc.o)         libbb/lib.a(appletlib.o) (dc_main)
miscutils/lib.a(devmem.o)     libbb/lib.a(appletlib.o) (devmem_main)
miscutils/lib.a(eject.o)      libbb/lib.a(appletlib.o) (eject_main)
miscutils/lib.a(fbsplash.o)   libbb/lib.a(appletlib.o) (fbsplash_main)
miscutils/lib.a(hdparm.o)     libbb/lib.a(appletlib.o) (hdparm_main)
miscutils/lib.a(ionice.o)     libbb/lib.a(appletlib.o) (ionice_main)
miscutils/lib.a(last_fancy.o)
                              libbb/lib.a(appletlib.o) (last_main)
miscutils/lib.a(less.o)       libbb/lib.a(appletlib.o) (less_main)
miscutils/lib.a(makedevs.o)   libbb/lib.a(appletlib.o) (makedevs_main)
miscutils/lib.a(man.o)        libbb/lib.a(appletlib.o) (man_main)
miscutils/lib.a(microcom.o)   libbb/lib.a(appletlib.o) (microcom_main)
miscutils/lib.a(mountpoint.o)
                              libbb/lib.a(appletlib.o) (mountpoint_main)
miscutils/lib.a(mt.o)         libbb/lib.a(appletlib.o) (mt_main)
miscutils/lib.a(nandwrite.o)  libbb/lib.a(appletlib.o) (nandwrite_main)
miscutils/lib.a(raidautorun.o)
                              libbb/lib.a(appletlib.o) (raidautorun_main)
miscutils/lib.a(readahead.o)  libbb/lib.a(appletlib.o) (readahead_main)
[...]
Memory Configuration

Name             Origin             Length             Attributes
*default*        0x0000000000000000 0xffffffffffffffff

Linker script and memory map

LOAD /opt/mipseltools-gcc412-lnx26/lib/gcc/mipsel-linux/4.1.2/../../../../mipsel-linux/lib/crt1.o
LOAD /opt/mipseltools-gcc412-lnx26/lib/gcc/mipsel-linux/4.1.2/../../../../mipsel-linux/lib/crti.o
LOAD /opt/mipseltools-gcc412-lnx26/lib/gcc/mipsel-linux/4.1.2/crtbegin.o
START GROUP
LOAD applets/built-in.o
LOAD archival/lib.a
LOAD archival/libarchive/lib.a
LOAD console-tools/lib.a
LOAD coreutils/lib.a
LOAD coreutils/libcoreutils/lib.a
LOAD debianutils/lib.a
LOAD e2fsprogs/lib.a
LOAD editors/lib.a
LOAD findutils/lib.a
LOAD init/lib.a
LOAD libbb/lib.a
LOAD libpwdgrp/lib.a
LOAD loginutils/lib.a
LOAD mailutils/lib.a
LOAD miscutils/lib.a
LOAD modutils/lib.a
LOAD networking/lib.a
LOAD networking/libiproute/lib.a
LOAD networking/udhcp/lib.a
LOAD printutils/lib.a
LOAD procps/lib.a
LOAD runit/lib.a
LOAD selinux/lib.a
LOAD shell/lib.a
LOAD sysklogd/lib.a
LOAD util-linux/lib.a
LOAD util-linux/volume_id/lib.a
LOAD archival/built-in.o
LOAD archival/libarchive/built-in.o
LOAD console-tools/built-in.o
LOAD coreutils/built-in.o
LOAD coreutils/libcoreutils/built-in.o
LOAD debianutils/built-in.o
LOAD e2fsprogs/built-in.o
LOAD editors/built-in.o
LOAD findutils/built-in.o
LOAD init/built-in.o
LOAD libbb/built-in.o
LOAD libpwdgrp/built-in.o
LOAD loginutils/built-in.o
LOAD mailutils/built-in.o
LOAD miscutils/built-in.o
LOAD modutils/built-in.o
LOAD networking/built-in.o
LOAD networking/libiproute/built-in.o
LOAD networking/udhcp/built-in.o
LOAD printutils/built-in.o
LOAD procps/built-in.o
LOAD runit/built-in.o
LOAD selinux/built-in.o
LOAD shell/built-in.o
LOAD sysklogd/built-in.o
LOAD util-linux/built-in.o
LOAD util-linux/volume_id/built-in.o
END GROUP
START GROUP
LOAD /opt/mipseltools-gcc412-lnx26/lib/gcc/mipsel-linux/4.1.2/../../../../mipsel-linux/lib/libm.so
END GROUP
LOAD /opt/mipseltools-gcc412-lnx26/lib/gcc/mipsel-linux/4.1.2/libgcc.a
LOAD /opt/mipseltools-gcc412-lnx26/lib/gcc/mipsel-linux/4.1.2/libgcc_eh.a
LOAD /opt/mipseltools-gcc412-lnx26/lib/gcc/mipsel-linux/4.1.2/../../../../mipsel-linux/lib/libc.so
START GROUP
LOAD /opt/mipseltools-gcc412-lnx26/lib/gcc/mipsel-linux/4.1.2/../../../../mipsel-linux/lib/libc.so.6
LOAD /opt/mipseltools-gcc412-lnx26/lib/gcc/mipsel-linux/4.1.2/../../../../mipsel-linux/lib/libc_nonshared.a
END GROUP
LOAD /opt/mipseltools-gcc412-lnx26/lib/gcc/mipsel-linux/4.1.2/libgcc.a
LOAD /opt/mipseltools-gcc412-lnx26/lib/gcc/mipsel-linux/4.1.2/libgcc_eh.a
LOAD /opt/mipseltools-gcc412-lnx26/lib/gcc/mipsel-linux/4.1.2/crtend.o
LOAD /opt/mipseltools-gcc412-lnx26/lib/gcc/mipsel-linux/4.1.2/../../../../mipsel-linux/lib/crtn.o
                0x0000000000400000                PROVIDE (__executable_start, 0x400000)
                0x00000000004000f4                . = (0x400000 + SIZEOF_HEADERS)

.interp         0x00000000004000f4        0xd
 *(SORT(.interp))
 .interp        0x00000000004000f4        0xd /opt/mipseltools-gcc412-lnx26/lib/gcc/mipsel-linux/4.1.2/../../../../mipsel-linux/lib/crt1.o

.reginfo
 *(SORT(.reginfo))

.dynamic        0x0000000000400104       0xf8
 *(SORT(.dynamic))
 .dynamic       0x0000000000400104       0xf8 /opt/mipseltools-gcc412-lnx26/lib/gcc/mipsel-linux/4.1.2/../../../../mipsel-linux/lib/crt1.o
                0x0000000000400104                _DYNAMIC

.hash           0x00000000004001fc     0x22d4
 *(SORT(.hash))
 .hash          0x00000000004001fc     0x22d4 /opt/mipseltools-gcc412-lnx26/lib/gcc/mipsel-linux/4.1.2/../../../../mipsel-linux/lib/crt1.o

.dynsym         0x00000000004024d0     0x4ac0
 *(SORT(.dynsym))
 .dynsym        0x00000000004024d0     0x4ac0 /opt/mipseltools-gcc412-lnx26/lib/gcc/mipsel-linux/4.1.2/../../../../mipsel-linux/lib/crt1.o

.dynstr         0x0000000000406f90     0x3805
 *(SORT(.dynstr))
 .dynstr        0x0000000000406f90     0x3805 /opt/mipseltools-gcc412-lnx26/lib/gcc/mipsel-linux/4.1.2/../../../../mipsel-linux/lib/crt1.o

.gnu.version    0x000000000040a796      0x958
 *(SORT(.gnu.version))
 .gnu.version   0x000000000040a796      0x958 /opt/mipseltools-gcc412-lnx26/lib/gcc/mipsel-linux/4.1.2/../../../../mipsel-linux/lib/crt1.o

.gnu.version_d  0x000000000040b0f0        0x0
 *(SORT(.gnu.version_d))
 .gnu.version_d
                0x0000000000000000        0x0 /opt/mipseltools-gcc412-lnx26/lib/gcc/mipsel-linux/4.1.2/../../../../mipsel-linux/lib/crt1.o

.gnu.version_r  0x000000000040b0f0       0x90
 *(SORT(.gnu.version_r))
 .gnu.version_r
                0x000000000040b0f0       0x90 /opt/mipseltools-gcc412-lnx26/lib/gcc/mipsel-linux/4.1.2/../../../../mipsel-linux/lib/crt1.o

.rel.dyn        0x000000000040b180        0x0
 *(SORT(.rel.init))
 *(SORT(.rel.text) .rel.text.* .rel.gnu.linkonce.t.*)
 *(SORT(.rel.fini))
 *(SORT(.rel.rodata) .rel.rodata.* .rel.gnu.linkonce.r.*)
 *(SORT(.rel.data.rel.ro*) .rel.gnu.linkonce.d.rel.ro.*)
 *(SORT(.rel.data) .rel.data.* .rel.gnu.linkonce.d.*)
 *(SORT(.rel.tdata) .rel.tdata.* .rel.gnu.linkonce.td.*)
 *(SORT(.rel.tbss) .rel.tbss.* .rel.gnu.linkonce.tb.*)
 *(SORT(.rel.ctors))
 *(SORT(.rel.dtors))
 *(SORT(.rel.got))
 *(SORT(.rel.sdata) .rel.sdata.* .rel.gnu.linkonce.s.*)
 *(SORT(.rel.sbss) .rel.sbss.* .rel.gnu.linkonce.sb.*)
 *(SORT(.rel.sdata2) .rel.sdata2.* .rel.gnu.linkonce.s2.*)
 *(SORT(.rel.sbss2) .rel.sbss2.* .rel.gnu.linkonce.sb2.*)
 *(SORT(.rel.bss) .rel.bss.* .rel.gnu.linkonce.b.*)
 .rel.dyn       0x0000000000000000        0x0 /opt/mipseltools-gcc412-lnx26/lib/gcc/mipsel-linux/4.1.2/../../../../mipsel-linux/lib/crt1.o

.rela.dyn
 *(SORT(.rela.init))
 *(SORT(.rela.text) .rela.text.* .rela.gnu.linkonce.t.*)
 *(SORT(.rela.fini))
 *(SORT(.rela.rodata) .rela.rodata.* .rela.gnu.linkonce.r.*)
 *(SORT(.rela.data) .rela.data.* .rela.gnu.linkonce.d.*)
 *(SORT(.rela.tdata) .rela.tdata.* .rela.gnu.linkonce.td.*)
 *(SORT(.rela.tbss) .rela.tbss.* .rela.gnu.linkonce.tb.*)
 *(SORT(.rela.ctors))
 *(SORT(.rela.dtors))
 *(SORT(.rela.got))
 *(SORT(.rela.sdata) .rela.sdata.* .rela.gnu.linkonce.s.*)
 *(SORT(.rela.sbss) .rela.sbss.* .rela.gnu.linkonce.sb.*)
 *(SORT(.rela.sdata2) .rela.sdata2.* .rela.gnu.linkonce.s2.*)
 *(SORT(.rela.sbss2) .rela.sbss2.* .rela.gnu.linkonce.sb2.*)
 *(SORT(.rela.bss) .rela.bss.* .rela.gnu.linkonce.b.*)

.rel.plt
 *(SORT(.rel.plt))

.rela.plt
 *(SORT(.rela.plt))

.init           0x000000000040b180       0xa4
 *(SORT(.init))
 .init          0x000000000040b180       0x34 /opt/mipseltools-gcc412-lnx26/lib/gcc/mipsel-linux/4.1.2/../../../../mipsel-linux/lib/crti.o
                0x000000000040b180                _init
 .init          0x000000000040b1b4       0x30 /opt/mipseltools-gcc412-lnx26/lib/gcc/mipsel-linux/4.1.2/crtbegin.o
 .init          0x000000000040b1e4       0x30 /opt/mipseltools-gcc412-lnx26/lib/gcc/mipsel-linux/4.1.2/crtend.o
 .init          0x000000000040b214       0x10 /opt/mipseltools-gcc412-lnx26/lib/gcc/mipsel-linux/4.1.2/../../../../mipsel-linux/lib/crtn.o

.plt
 *(SORT(.plt))

.text           0x000000000040b230   0x119f60
                0x000000000040b230                _ftext = .
 *(SORT(.text) .stub .text.* .gnu.linkonce.t.*)
 .text          0x000000000040b230       0x70 /opt/mipseltools-gcc412-lnx26/lib/gcc/mipsel-linux/4.1.2/../../../../mipsel-linux/lib/crt1.o
                0x000000000040b230                __start
 .text          0x000000000040b2a0       0x30 /opt/mipseltools-gcc412-lnx26/lib/gcc/mipsel-linux/4.1.2/../../../../mipsel-linux/lib/crti.o
 .text          0x000000000040b2d0       0xd0 /opt/mipseltools-gcc412-lnx26/lib/gcc/mipsel-linux/4.1.2/crtbegin.o
 .text          0x000000000040b3a0       0x50 /opt/mipseltools-gcc412-lnx26/lib/gcc/mipsel-linux/4.1.2/libgcc.a(_lshrdi3.o)
                0x000000000040b3a0                __lshrdi3
 .text          0x000000000040b3f0       0x50 /opt/mipseltools-gcc412-lnx26/lib/gcc/mipsel-linux/4.1.2/libgcc.a(_ashldi3.o)
                0x000000000040b3f0                __ashldi3
 .text          0x000000000040b440       0x50 /opt/mipseltools-gcc412-lnx26/lib/gcc/mipsel-linux/4.1.2/libgcc.a(_ashrdi3.o)
                0x000000000040b440                __ashrdi3
 .text          0x000000000040b490       0x40 /opt/mipseltools-gcc412-lnx26/lib/gcc/mipsel-linux/4.1.2/libgcc.a(_cmpdi2.o)
                0x000000000040b490                __cmpdi2
 .text          0x000000000040b4d0       0x40 /opt/mipseltools-gcc412-lnx26/lib/gcc/mipsel-linux/4.1.2/libgcc.a(_ucmpdi2.o)
                0x000000000040b4d0                __ucmpdi2
 .text          0x000000000040b510       0x70 /opt/mipseltools-gcc412-lnx26/lib/gcc/mipsel-linux/4.1.2/libgcc.a(_fixdfdi.o)
                0x000000000040b510                __fixdfdi
 .text          0x000000000040b580      0x1d0 /opt/mipseltools-gcc412-lnx26/lib/gcc/mipsel-linux/4.1.2/libgcc.a(_fixunsdfdi.o)
                0x000000000040b580                __fixunsdfdi
 .text          0x000000000040b750       0x50 /opt/mipseltools-gcc412-lnx26/lib/gcc/mipsel-linux/4.1.2/libgcc.a(_floatdidf.o)
                0x000000000040b750                __floatdidf
 .text          0x000000000040b7a0      0x6d0 /opt/mipseltools-gcc412-lnx26/lib/gcc/mipsel-linux/4.1.2/libgcc.a(_divdi3.o)
                0x000000000040b7a0                __divdi3
 .text          0x000000000040be70      0x770 /opt/mipseltools-gcc412-lnx26/lib/gcc/mipsel-linux/4.1.2/libgcc.a(_moddi3.o)
                0x000000000040be70                __moddi3
 .text          0x000000000040c5e0      0x650 /opt/mipseltools-gcc412-lnx26/lib/gcc/mipsel-linux/4.1.2/libgcc.a(_udivdi3.o)
                0x000000000040c5e0                __udivdi3
 .text          0x000000000040cc30      0x680 /opt/mipseltools-gcc412-lnx26/lib/gcc/mipsel-linux/4.1.2/libgcc.a(_umoddi3.o)
                0x000000000040cc30                __umoddi3
 .text          0x000000000040d2b0      0x120 /opt/mipseltools-gcc412-lnx26/lib/gcc/mipsel-linux/4.1.2/../../../../mipsel-linux/lib/libc_nonshared.a(elf-init.oS)
                0x000000000040d2b0                __libc_csu_fini
                0x000000000040d334                __libc_csu_init
 .text          0x000000000040d3d0       0x30 /opt/mipseltools-gcc412-lnx26/lib/gcc/mipsel-linux/4.1.2/../../../../mipsel-linux/lib/libc_nonshared.a(atexit.oS)
                0x000000000040d3d0                atexit
 .text          0x000000000040d400       0x20 /opt/mipseltools-gcc412-lnx26/lib/gcc/mipsel-linux/4.1.2/../../../../mipsel-linux/lib/libc_nonshared.a(stat64.oS)
                0x000000000040d400                stat64
 .text          0x000000000040d420       0x20 /opt/mipseltools-gcc412-lnx26/lib/gcc/mipsel-linux/4.1.2/../../../../mipsel-linux/lib/libc_nonshared.a(lstat64.oS)
                0x000000000040d420                lstat64
 .text          0x000000000040d440       0x70 /opt/mipseltools-gcc412-lnx26/lib/gcc/mipsel-linux/4.1.2/crtend.o
 .text.get_trimmed_slice
                0x000000000040d4b0       0x58 libbb/lib.a(appletlib.o)
 .text.applet_name_compare
                0x000000000040d508       0x34 libbb/lib.a(appletlib.o)
 .text.lbb_prepare
                0x000000000040d53c       0x5c libbb/lib.a(appletlib.o)
                0x000000000040d53c                lbb_prepare
 .text.find_applet_by_name
                0x000000000040d598       0x4c libbb/lib.a(appletlib.o)
                0x000000000040d598                find_applet_by_name
 .text.bb_show_usage
                0x000000000040d5e4      0x1c4 libbb/lib.a(appletlib.o)
                0x000000000040d5e4                bb_show_usage
 .text.run_applet_no_and_exit
                0x000000000040d7a8      0x38c libbb/lib.a(appletlib.o)
                0x000000000040d7a8                run_applet_no_and_exit
 .text.run_applet_and_exit
                0x000000000040db34      0x5a4 libbb/lib.a(appletlib.o)
                0x000000000040db34                run_applet_and_exit
 .text.main     0x000000000040e0d8      0x53c libbb/lib.a(appletlib.o)
                0x000000000040e0d8                main
 .text.concat_path_file
                0x000000000040e614       0xb4 libbb/lib.a(concat_path_file.o)
                0x000000000040e614                concat_path_file
 .text.bb_get_last_path_component_nostrip
                0x000000000040e6c8       0x6c libbb/lib.a(get_last_path_component.o)
                0x000000000040e6c8                bb_get_last_path_component_nostrip
 .text.bb_get_last_path_component_strip
                0x000000000040e734       0x7c libbb/lib.a(get_last_path_component.o)
                0x000000000040e734                bb_get_last_path_component_strip
 .text.bb_basename
                0x000000000040e7b0       0x50 libbb/lib.a(get_last_path_component.o)
                0x000000000040e7b0                bb_basename
 .text.last_char_is
                0x000000000040e800       0x74 libbb/lib.a(last_char_is.o)
                0x000000000040e800                last_char_is
 .text.llist_unlink
                0x000000000040e874       0x40 libbb/lib.a(llist.o)
                0x000000000040e874                llist_unlink
 .text.llist_find_str
                0x000000000040e8b4       0x6c libbb/lib.a(llist.o)
                0x000000000040e8b4                llist_find_str
 .text.llist_pop
                0x000000000040e920       0x5c libbb/lib.a(llist.o)
                0x000000000040e920                llist_pop
 .text.llist_free
                0x000000000040e97c       0x6c libbb/lib.a(llist.o)
                0x000000000040e97c                llist_free
 .text.llist_add_to_end
                0x000000000040e9e8       0x70 libbb/lib.a(llist.o)
                0x000000000040e9e8                llist_add_to_end
 .text.llist_add_to
                0x000000000040ea58       0x5c libbb/lib.a(llist.o)
                0x000000000040ea58                llist_add_to
 .text.bb_perror_msg
                0x000000000040eab4       0x8c libbb/lib.a(perror_msg.o)
                0x000000000040eab4                bb_perror_msg
 .text.bb_simple_perror_msg
                0x000000000040eb40       0x24 libbb/lib.a(perror_msg.o)
                0x000000000040eb40                bb_simple_perror_msg
 .text.bb_perror_msg_and_die
                0x000000000040eb64       0x8c libbb/lib.a(perror_msg.o)
                0x000000000040eb64                bb_perror_msg_and_die
 .text.bb_simple_perror_msg_and_die
                0x000000000040ebf0       0x30 libbb/lib.a(perror_msg.o)
                0x000000000040ebf0                bb_simple_perror_msg_and_die
 .text.skip_whitespace
                0x000000000040ec20       0x34 libbb/lib.a(skip_whitespace.o)
                0x000000000040ec20                skip_whitespace
 .text.skip_non_whitespace
                0x000000000040ec54       0x3c libbb/lib.a(skip_whitespace.o)
                0x000000000040ec54                skip_non_whitespace
 .text.skip_dev_pfx
                0x000000000040ec90       0x58 libbb/lib.a(skip_whitespace.o)
                0x000000000040ec90                skip_dev_pfx
 .text.bb_verror_msg
                0x000000000040ece8      0x280 libbb/lib.a(verror_msg.o)
                0x000000000040ece8                bb_verror_msg
 .text.bb_error_msg
                0x000000000040ef68       0x50 libbb/lib.a(verror_msg.o)
                0x000000000040ef68                bb_error_msg
 .text.bb_error_msg_and_die
                0x000000000040efb8       0x54 libbb/lib.a(verror_msg.o)
                0x000000000040efb8                bb_error_msg_and_die
 .text.xfdopen_helper
                0x000000000040f00c       0x78 libbb/lib.a(wfopen.o)
 .text.xfdopen_for_write
                0x000000000040f084       0x20 libbb/lib.a(wfopen.o)
                0x000000000040f084                xfdopen_for_write
 .text.xfdopen_for_read
                0x000000000040f0a4       0x20 libbb/lib.a(wfopen.o)
                0x000000000040f0a4                xfdopen_for_read
 .text.xfopen_for_write
                0x000000000040f0c4       0x20 libbb/lib.a(wfopen.o)
                0x000000000040f0c4                xfopen_for_write
 .text.xfopen_for_read
                0x000000000040f0e4       0x20 libbb/lib.a(wfopen.o)
                0x000000000040f0e4                xfopen_for_read
 .text.fopen_for_write
                0x000000000040f104       0x20 libbb/lib.a(wfopen.o)
                0x000000000040f104                fopen_for_write
 .text.fopen_for_read
                0x000000000040f124       0x20 libbb/lib.a(wfopen.o)
                0x000000000040f124                fopen_for_read
 .text.fopen_or_warn
                0x000000000040f144       0x68 libbb/lib.a(wfopen.o)
                0x000000000040f144                fopen_or_warn
 .text.xfunc_die
                0x000000000040f1ac       0x90 libbb/lib.a(xfunc_die.o)
                0x000000000040f1ac                xfunc_die
 .text.utoa_to_buf
                0x000000000040f23c       0x80 libbb/lib.a(xfuncs.o)
                0x000000000040f23c                utoa_to_buf
 .text.itoa_to_buf
                0x000000000040f2bc       0x44 libbb/lib.a(xfuncs.o)
                0x000000000040f2bc                itoa_to_buf
 .text.utoa     0x000000000040f300       0x4c libbb/lib.a(xfuncs.o)
                0x000000000040f300                utoa
 .text.itoa     0x000000000040f34c       0x4c libbb/lib.a(xfuncs.o)
                0x000000000040f34c                itoa
 .text.bin2hex  0x000000000040f398       0x64 libbb/lib.a(xfuncs.o)
                0x000000000040f398                bin2hex
 .text.hex2bin  0x000000000040f3fc      0x108 libbb/lib.a(xfuncs.o)
                0x000000000040f3fc                hex2bin
 .text.safe_waitpid
                0x000000000040f504       0x8c libbb/lib.a(xfuncs.o)
                0x000000000040f504                safe_waitpid
 .text.wait4pid
                0x000000000040f590       0x8c libbb/lib.a(xfuncs.o)
                0x000000000040f590                wait4pid
 .text.wait_any_nohang
                0x000000000040f61c       0x20 libbb/lib.a(xfuncs.o)
                0x000000000040f61c                wait_any_nohang
 .text.tcsetattr_stdin_TCSANOW
                0x000000000040f63c       0x20 libbb/lib.a(xfuncs.o)
                0x000000000040f63c                tcsetattr_stdin_TCSANOW
 .text.wh_helper
                0x000000000040f65c       0x94 libbb/lib.a(xfuncs.o)
 .text.get_terminal_width_height
                0x000000000040f6f0       0xd8 libbb/lib.a(xfuncs.o)
                0x000000000040f6f0                get_terminal_width_height
 .text.full_write2_str
                0x000000000040f7c8       0x50 libbb/lib.a(xfuncs.o)
                0x000000000040f7c8                full_write2_str
 .text.full_write1_str
                0x000000000040f818       0x50 libbb/lib.a(xfuncs.o)
                0x000000000040f818                full_write1_str
 .text.bb_putchar_stderr
                0x000000000040f868       0x44 libbb/lib.a(xfuncs.o)
                0x000000000040f868                bb_putchar_stderr
 .text.strncpy_IFNAMSIZ
                0x000000000040f8ac       0x1c libbb/lib.a(xfuncs.o)
                0x000000000040f8ac                strncpy_IFNAMSIZ
 .text.close_on_exec_on
                0x000000000040f8c8       0x1c libbb/lib.a(xfuncs.o)
                0x000000000040f8c8                close_on_exec_on
 .text.ndelay_off
                0x000000000040f8e4       0x6c libbb/lib.a(xfuncs.o)
                0x000000000040f8e4                ndelay_off
 .text.ndelay_on
                0x000000000040f950       0x68 libbb/lib.a(xfuncs.o)
                0x000000000040f950                ndelay_on
 .text.xfork    0x000000000040f9b8       0x58 libbb/lib.a(xfuncs_printf.o)
                0x000000000040f9b8                xfork
 .text.xopen3   0x000000000040fa10       0x5c libbb/lib.a(xfuncs_printf.o)
                0x000000000040fa10                xopen3
 .text.xopen    0x000000000040fa6c       0x1c libbb/lib.a(xfuncs_printf.o)
                0x000000000040fa6c                xopen
 .text.xopen_nonblocking
                0x000000000040fa88       0x1c libbb/lib.a(xfuncs_printf.o)
                0x000000000040fa88                xopen_nonblocking
 .text.xclose   0x000000000040faa4       0x58 libbb/lib.a(xfuncs_printf.o)
                0x000000000040faa4                xclose
 .text.generate_uuid
                0x000000000040fafc      0x164 libbb/lib.a(xfuncs_printf.o)
                0x000000000040fafc                generate_uuid
 .text.bb_xioctl
                0x000000000040fc60       0x58 libbb/lib.a(xfuncs_printf.o)
                0x000000000040fc60                bb_xioctl
 .text.bb_ioctl_or_warn
                0x000000000040fcb8       0x68 libbb/lib.a(xfuncs_printf.o)
                0x000000000040fcb8                bb_ioctl_or_warn
 .text.ioctl_or_perror
                0x000000000040fd20       0x9c libbb/lib.a(xfuncs_printf.o)
                0x000000000040fd20                ioctl_or_perror
 .text.ioctl_or_perror_and_die
                0x000000000040fdbc       0x9c libbb/lib.a(xfuncs_printf.o)
                0x000000000040fdbc                ioctl_or_perror_and_die
 .text.xfstat   0x000000000040fe58       0x64 libbb/lib.a(xfuncs_printf.o)
                0x000000000040fe58                xfstat
 .text.xstat    0x000000000040febc       0x64 libbb/lib.a(xfuncs_printf.o)
                0x000000000040febc                xstat
 .text.xsendto  0x000000000040ff20       0x60 libbb/lib.a(xfuncs_printf.o)
                0x000000000040ff20                xsendto
 .text.xlisten  0x000000000040ff80       0x58 libbb/lib.a(xfuncs_printf.o)
                0x000000000040ff80                xlisten
 .text.xbind    0x000000000040ffd8       0x58 libbb/lib.a(xfuncs_printf.o)
                0x000000000040ffd8                xbind
 .text.xsocket  0x0000000000410030       0x58 libbb/lib.a(xfuncs_printf.o)
                0x0000000000410030                xsocket
 .text.xopendir
                0x0000000000410088       0x5c libbb/lib.a(xfuncs_printf.o)
                0x0000000000410088                xopendir
 .text.warn_opendir
                0x00000000004100e4       0x70 libbb/lib.a(xfuncs_printf.o)
                0x00000000004100e4                warn_opendir
 .text.open3_or_warn
                0x0000000000410154       0x70 libbb/lib.a(xfuncs_printf.o)
                0x0000000000410154                open3_or_warn
 .text.open_or_warn
                0x00000000004101c4       0x1c libbb/lib.a(xfuncs_printf.o)
                0x00000000004101c4                open_or_warn
 .text.xchdir   0x00000000004101e0       0x5c libbb/lib.a(xfuncs_printf.o)
                0x00000000004101e0                xchdir
 .text.xchroot  0x000000000041023c       0x68 libbb/lib.a(xfuncs_printf.o)
                0x000000000041023c                xchroot
 .text.xseteuid
                0x00000000004102a4       0x58 libbb/lib.a(xfuncs_printf.o)
                0x00000000004102a4                xseteuid
 .text.xsetegid
                0x00000000004102fc       0x58 libbb/lib.a(xfuncs_printf.o)
                0x00000000004102fc                xsetegid
 .text.xsetuid  0x0000000000410354       0x58 libbb/lib.a(xfuncs_printf.o)
                0x0000000000410354                xsetuid
 .text.xsetgid  0x00000000004103ac       0x58 libbb/lib.a(xfuncs_printf.o)
                0x00000000004103ac                xsetgid
 .text.xsetenv  0x0000000000410404       0x54 libbb/lib.a(xfuncs_printf.o)
                0x0000000000410404                xsetenv
 .text.xasprintf
                0x0000000000410458       0x70 libbb/lib.a(xfuncs_printf.o)
                0x0000000000410458                xasprintf
 .text.bb_putchar
                0x00000000004104c8       0x1c libbb/lib.a(xfuncs_printf.o)
                0x00000000004104c8                bb_putchar
 .text.fflush_all
                0x00000000004104e4       0x1c libbb/lib.a(xfuncs_printf.o)
                0x00000000004104e4                fflush_all
 .text.xprint_and_close_file
                0x0000000000410500       0x9c libbb/lib.a(xfuncs_printf.o)
                0x0000000000410500                xprint_and_close_file
 .text.die_if_ferror
                0x000000000041059c       0x5c libbb/lib.a(xfuncs_printf.o)
                0x000000000041059c                die_if_ferror
 .text.die_if_ferror_stdout
                0x00000000004105f8       0x24 libbb/lib.a(xfuncs_printf.o)
                0x00000000004105f8                die_if_ferror_stdout
 .text.xmkstemp
                0x000000000041061c       0x5c libbb/lib.a(xfuncs_printf.o)
                0x000000000041061c                xmkstemp
 .text.xlseek   0x0000000000410678       0x94 libbb/lib.a(xfuncs_printf.o)
                0x0000000000410678                xlseek
 .text.xwrite   0x000000000041070c       0x64 libbb/lib.a(xfuncs_printf.o)
                0x000000000041070c                xwrite
 .text.xwrite_str
                0x0000000000410770       0x5c libbb/lib.a(xfuncs_printf.o)
                0x0000000000410770                xwrite_str
 .text.xdup2    0x00000000004107cc       0x5c libbb/lib.a(xfuncs_printf.o)
                0x00000000004107cc                xdup2
 .text.xmove_fd
                0x0000000000410828       0x5c libbb/lib.a(xfuncs_printf.o)
                0x0000000000410828                xmove_fd
 .text.xpipe    0x0000000000410884       0x58 libbb/lib.a(xfuncs_printf.o)
                0x0000000000410884                xpipe
 .text.rename_or_warn
                0x00000000004108dc       0x7c libbb/lib.a(xfuncs_printf.o)
                0x00000000004108dc                rename_or_warn
 .text.xrename  0x0000000000410958       0x64 libbb/lib.a(xfuncs_printf.o)
                0x0000000000410958                xrename
 .text.xunlink  0x00000000004109bc       0x5c libbb/lib.a(xfuncs_printf.o)
                0x00000000004109bc                xunlink
 .text.xopen_as_uid_gid
                0x0000000000410a18      0x104 libbb/lib.a(xfuncs_printf.o)
                0x0000000000410a18                xopen_as_uid_gid
 .text.xfopen   0x0000000000410b1c       0x5c libbb/lib.a(xfuncs_printf.o)
                0x0000000000410b1c                xfopen
 .text.xstrdup  0x0000000000410b78       0x5c libbb/lib.a(xfuncs_printf.o)
                0x0000000000410b78                xstrdup
 .text.xmalloc_ttyname
                0x0000000000410bd4       0x68 libbb/lib.a(xfuncs_printf.o)
                0x0000000000410bd4                xmalloc_ttyname
 .text.xrealloc
                0x0000000000410c3c       0x60 libbb/lib.a(xfuncs_printf.o)
                0x0000000000410c3c                xrealloc
 .text.xmalloc  0x0000000000410c9c       0x60 libbb/lib.a(xfuncs_printf.o)
                0x0000000000410c9c                xmalloc
 .text.xstrndup
                0x0000000000410cfc       0x90 libbb/lib.a(xfuncs_printf.o)
                0x0000000000410cfc                xstrndup
 .text.bb_unsetenv
                0x0000000000410d8c       0x9c libbb/lib.a(xfuncs_printf.o)
                0x0000000000410d8c                bb_unsetenv
 .text.bb_unsetenv_and_free
                0x0000000000410e28       0x48 libbb/lib.a(xfuncs_printf.o)
                0x0000000000410e28                bb_unsetenv_and_free
 .text.xzalloc  0x0000000000410e70       0x68 libbb/lib.a(xfuncs_printf.o)
                0x0000000000410e70                xzalloc
 .text.malloc_or_warn
                0x0000000000410ed8       0x70 libbb/lib.a(xfuncs_printf.o)
                0x0000000000410ed8                malloc_or_warn
 .text.xmalloc_realpath
                0x0000000000410f48       0x1c libbb/lib.a(xreadlink.o)
                0x0000000000410f48                xmalloc_realpath
 .text.xmalloc_readlink
                0x0000000000410f64       0xc0 libbb/lib.a(xreadlink.o)
                0x0000000000410f64                xmalloc_readlink
 .text.xmalloc_readlink_or_warn
                0x0000000000411024       0xa8 libbb/lib.a(xreadlink.o)
                0x0000000000411024                xmalloc_readlink_or_warn
 .text.xmalloc_follow_symlinks
                0x00000000004110cc      0x1b0 libbb/lib.a(xreadlink.o)
                0x00000000004110cc                xmalloc_follow_symlinks
 .text.bb_full_fd_action
                0x000000000041127c      0x1d8 libbb/lib.a(copyfd.o)
 .text.bb_copyfd_eof
                0x0000000000411454       0x24 libbb/lib.a(copyfd.o)
                0x0000000000411454                bb_copyfd_eof
 .text.bb_copyfd_size
                0x0000000000411478       0x3c libbb/lib.a(copyfd.o)
                0x0000000000411478                bb_copyfd_size
 .text.bb_copyfd_exact_size
                0x00000000004114b4       0xc4 libbb/lib.a(copyfd.o)
                0x00000000004114b4                bb_copyfd_exact_size
 .text.full_write
                0x0000000000411578       0x9c libbb/lib.a(full_write.o)
                0x0000000000411578                full_write
 .text.safe_read
                0x0000000000411614       0x88 libbb/lib.a(read.o)
                0x0000000000411614                safe_read
 .text.full_read
                0x000000000041169c       0xa4 libbb/lib.a(read.o)
                0x000000000041169c                full_read
 .text.read_close
                0x0000000000411740       0x64 libbb/lib.a(read.o)
                0x0000000000411740                read_close
 .text.open_read_close
                0x00000000004117a4       0x74 libbb/lib.a(read.o)
                0x00000000004117a4                open_read_close
 .text.safe_write
                0x0000000000411818       0x88 libbb/lib.a(safe_write.o)
                0x0000000000411818                safe_write
 .text.monotonic_sec
                0x00000000004118a0       0x1c libbb/lib.a(time.o)
                0x00000000004118a0                monotonic_sec
 .text.monotonic_ms
                0x00000000004118bc       0x88 libbb/lib.a(time.o)
                0x00000000004118bc                monotonic_ms
 .text.monotonic_us
                0x0000000000411944       0x6c libbb/lib.a(time.o)
                0x0000000000411944                monotonic_us
 .text.strftime_fmt
                0x00000000004119b0       0xa4 libbb/lib.a(time.o)
 .text.strftime_YYYYMMDDHHMMSS
                0x0000000000411a54       0x24 libbb/lib.a(time.o)
                0x0000000000411a54                strftime_YYYYMMDDHHMMSS
 .text.strftime_HHMMSS
                0x0000000000411a78       0x24 libbb/lib.a(time.o)
                0x0000000000411a78                strftime_HHMMSS
 .text.validate_tm_time
                0x0000000000411a9c       0x5c libbb/lib.a(time.o)
                0x0000000000411a9c                validate_tm_time
 .text.parse_datestr
                0x0000000000411af8      0x654 libbb/lib.a(time.o)
                0x0000000000411af8                parse_datestr
 .text.ret_ERANGE
                0x000000000041214c       0x28 libbb/lib.a(bb_strtonum.o)
 .text.handle_errors
                0x0000000000412174       0x98 libbb/lib.a(bb_strtonum.o)
 .text.bb_strtol
                0x000000000041220c       0xe4 libbb/lib.a(bb_strtonum.o)
                0x000000000041220c                bb_strtol
 .text.bb_strtoull
                0x00000000004122f0       0xcc libbb/lib.a(bb_strtonum.o)
                0x00000000004122f0                bb_strtoull
 .text.bb_strtoll
                0x00000000004123bc       0xe0 libbb/lib.a(bb_strtonum.o)
                0x00000000004123bc                bb_strtoll
 .text.bb_strtoul
                0x000000000041249c       0xd0 libbb/lib.a(bb_strtonum.o)
                0x000000000041249c                bb_strtoul
 .text.bb_internal_endgrent
                0x000000000041256c       0x54 libpwdgrp/lib.a(pwd_grp.o)
                0x000000000041256c                bb_internal_endgrent
 .text.bb__pgsreader
                0x00000000004125c0      0x1ac libpwdgrp/lib.a(pwd_grp.o)
 .text.getgrouplist_internal
                0x000000000041276c      0x170 libpwdgrp/lib.a(pwd_grp.o)
 .text.bb_internal_getgrouplist
                0x00000000004128dc       0xc0 libpwdgrp/lib.a(pwd_grp.o)
                0x00000000004128dc                bb_internal_getgrouplist
 .text.bb_internal_getgrgid_r
                0x000000000041299c      0x11c libpwdgrp/lib.a(pwd_grp.o)
                0x000000000041299c                bb_internal_getgrgid_r
 .text.bb_internal_getpwuid_r
                0x0000000000412ab8      0x11c libpwdgrp/lib.a(pwd_grp.o)
                0x0000000000412ab8                bb_internal_getpwuid_r
 .text.bb_internal_getspnam_r
                0x0000000000412bd4      0x12c libpwdgrp/lib.a(pwd_grp.o)
                0x0000000000412bd4                bb_internal_getspnam_r
 .text.bb_internal_getgrnam_r
                0x0000000000412d00      0x12c libpwdgrp/lib.a(pwd_grp.o)
                0x0000000000412d00                bb_internal_getgrnam_r
 .text.bb_internal_getpwnam_r
                0x0000000000412e2c      0x12c libpwdgrp/lib.a(pwd_grp.o)
                0x0000000000412e2c                bb_internal_getpwnam_r
 .text.bb__parsespent
                0x0000000000412f58      0x108 libpwdgrp/lib.a(pwd_grp.o)
 .text.bb__parsegrent
                0x0000000000413060      0x1d8 libpwdgrp/lib.a(pwd_grp.o)
 .text.bb__parsepwent
                0x0000000000413238      0x104 libpwdgrp/lib.a(pwd_grp.o)
 .text.bb_internal_initgroups
                0x000000000041333c       0x7c libpwdgrp/lib.a(pwd_grp.o)
                0x000000000041333c                bb_internal_initgroups
 .text.bb_internal_getpwent_r
                0x00000000004133b8      0x114 libpwdgrp/lib.a(pwd_grp.o)
                0x00000000004133b8                bb_internal_getpwent_r
 .text.get_S    0x00000000004134cc       0x58 libpwdgrp/lib.a(pwd_grp.o)
 .text.bb_internal_getgrnam
                0x0000000000413524       0x6c libpwdgrp/lib.a(pwd_grp.o)
                0x0000000000413524                bb_internal_getgrnam
 .text.bb_internal_getpwnam
                0x0000000000413590       0x6c libpwdgrp/lib.a(pwd_grp.o)
                0x0000000000413590                bb_internal_getpwnam
 .text.bb_internal_getgrgid
                0x00000000004135fc       0x6c libpwdgrp/lib.a(pwd_grp.o)
                0x00000000004135fc                bb_internal_getgrgid
 .text.bb_internal_getpwuid
                0x0000000000413668       0x6c libpwdgrp/lib.a(pwd_grp.o)
                0x0000000000413668                bb_internal_getpwuid
 .text.get_uidgid
                0x00000000004136d4      0x1e0 libpwdgrp/lib.a(uidgid_get.o)
                0x00000000004136d4                get_uidgid
 .text.xget_uidgid
                0x00000000004138b4       0x5c libpwdgrp/lib.a(uidgid_get.o)
                0x00000000004138b4                xget_uidgid
 .text.parse_chown_usergroup_or_die
                0x0000000000413910       0xfc libpwdgrp/lib.a(uidgid_get.o)
                0x0000000000413910                parse_chown_usergroup_or_die
 .text.add_remove_shell_main
                0x0000000000413a0c      0x268 loginutils/lib.a(add-remove-shell.o)
                0x0000000000413a0c                add_remove_shell_main
 .text.addgroup_main
                0x0000000000413c74      0x34c loginutils/lib.a(addgroup.o)
                0x0000000000413c74                addgroup_main
 .text.addgroup_wrapper
                0x0000000000413fc0       0xb0 loginutils/lib.a(adduser.o)
 .text.adduser_main
                0x0000000000414070      0x5dc loginutils/lib.a(adduser.o)
                0x0000000000414070                adduser_main
 .text.chpasswd_main
                0x000000000041464c      0x27c loginutils/lib.a(chpasswd.o)
                0x000000000041464c                chpasswd_main
 .text.cryptpw_main
                0x00000000004148c8      0x1d0 loginutils/lib.a(cryptpw.o)
                0x00000000004148c8                cryptpw_main
 .text.deluser_main
                0x0000000000414a98      0x210 loginutils/lib.a(deluser.o)
                0x0000000000414a98                deluser_main
 .text.bcode    0x0000000000414ca8       0x58 loginutils/lib.a(getty.o)
 .text.set_tty_attrs
                0x0000000000414d00       0x5c loginutils/lib.a(getty.o)
 .text.finalize_tty_attrs
                0x0000000000414d5c       0xb4 loginutils/lib.a(getty.o)
 .text.getty_main
                0x0000000000414e10      0xc00 loginutils/lib.a(getty.o)
                0x0000000000414e10                getty_main
 .text.alarm_handler
                0x0000000000415a10       0x44 loginutils/lib.a(getty.o)
 .text.login_main
                0x0000000000415a54      0x90c loginutils/lib.a(login.o)
                0x0000000000415a54                login_main
 .text.alarm_handler
                0x0000000000416360       0xa4 loginutils/lib.a(login.o)
 .text.passwd_main
                0x0000000000416404      0x720 loginutils/lib.a(passwd.o)
                0x0000000000416404                passwd_main
 .text.su_main  0x0000000000416b24      0x380 loginutils/lib.a(su.o)
                0x0000000000416b24                su_main
 .text.sulogin_main
                0x0000000000416ea4      0x2f4 loginutils/lib.a(sulogin.o)
                0x0000000000416ea4                sulogin_main
 .text.acquire_vt
                0x0000000000417198       0x20 loginutils/lib.a(vlock.o)
 .text.release_vt
                0x00000000004171b8       0x28 loginutils/lib.a(vlock.o)
 .text.vlock_main
                0x00000000004171e0      0x308 loginutils/lib.a(vlock.o)
                0x00000000004171e0                vlock_main
 .text.makemime_main
                0x00000000004174e8      0x2a4 mailutils/lib.a(makemime.o)
                0x00000000004174e8                makemime_main
 .text.pop3_checkr
                0x000000000041778c      0x140 mailutils/lib.a(popmaildir.o)
 .text.pop3_check
                0x00000000004178cc       0x20 mailutils/lib.a(popmaildir.o)
 .text.popmaildir_main
                0x00000000004178ec      0x6c4 mailutils/lib.a(popmaildir.o)
                0x00000000004178ec                popmaildir_main
 .text.find_token
                0x0000000000417fb0       0xb4 mailutils/lib.a(reformime.o)
 .text.parse    0x0000000000418064      0x734 mailutils/lib.a(reformime.o)
 .text.reformime_main
                0x0000000000418798      0x10c mailutils/lib.a(reformime.o)
                0x0000000000418798                reformime_main
 .text.smtp_checkp
                0x00000000004188a4      0x1bc mailutils/lib.a(sendmail.o)
 .text.rcptto   0x0000000000418a60       0x88 mailutils/lib.a(sendmail.o)
 .text.smtp_check
                0x0000000000418ae8       0x20 mailutils/lib.a(sendmail.o)
 .text.sane_address
                0x0000000000418b08       0xcc mailutils/lib.a(sendmail.o)
 .text.angle_address
                0x0000000000418bd4       0x9c mailutils/lib.a(sendmail.o)
 .text.rcptto_list
                0x0000000000418c70      0x12c mailutils/lib.a(sendmail.o)
 .text.send_r_n
                0x0000000000418d9c       0x70 mailutils/lib.a(sendmail.o)
 .text.sendmail_main
                0x0000000000418e0c      0x93c mailutils/lib.a(sendmail.o)
                0x0000000000418e0c                sendmail_main
 .text.get_cred_or_die
                0x0000000000419748      0x150 mailutils/lib.a(mail.o)
                0x0000000000419748                get_cred_or_die
 .text.encode_base64
                0x0000000000419898      0x208 mailutils/lib.a(mail.o)
                0x0000000000419898                encode_base64
 .text.send_mail_command
                0x0000000000419aa0       0xf4 mailutils/lib.a(mail.o)
                0x0000000000419aa0                send_mail_command
 .text.launch_helper
                0x0000000000419b94      0x188 mailutils/lib.a(mail.o)
                0x0000000000419b94                launch_helper
 .text.kill_helper
                0x0000000000419d1c       0x5c mailutils/lib.a(mail.o)
 .text.signal_handler
                0x0000000000419d78       0xec mailutils/lib.a(mail.o)
 .text.adjtimex_main
                0x0000000000419e64      0x2c0 miscutils/lib.a(adjtimex.o)
                0x0000000000419e64                adjtimex_main
 .text.beep_main
                0x000000000041a124      0x264 miscutils/lib.a(beep.o)
                0x000000000041a124                beep_main
 .text.signal_handler
                0x000000000041a388       0x1c miscutils/lib.a(chat.o)
 .text.unescape
                0x000000000041a3a4      0x130 miscutils/lib.a(chat.o)
 .text.chat_main
                0x000000000041a4d4      0x810 miscutils/lib.a(chat.o)
                0x000000000041a4d4                chat_main
 .text.show_min_max
                0x000000000041ace4       0xa4 miscutils/lib.a(chrt.o)
 .text.chrt_main
                0x000000000041ad88      0x2b0 miscutils/lib.a(chrt.o)
                0x000000000041ad88                chrt_main
 .text.create_cdev_if_doesnt_exist
                0x000000000041b038       0xb0 miscutils/lib.a(conspy.o)
 .text.start_shell_in_child
                0x000000000041b0e8      0x1dc miscutils/lib.a(conspy.o)
 .text.putcsi   0x000000000041b2c4       0x60 miscutils/lib.a(conspy.o)
 .text.set_cursor
                0x000000000041b324       0x88 miscutils/lib.a(conspy.o)
 .text.gotoxy   0x000000000041b3ac       0x5c miscutils/lib.a(conspy.o)
 .text.screen_char
                0x000000000041b408      0x1d8 miscutils/lib.a(conspy.o)
 .text.screen_dump
                0x000000000041b5e0      0x18c miscutils/lib.a(conspy.o)
 .text.cleanup  0x000000000041b76c       0xd8 miscutils/lib.a(conspy.o)
 .text.screen_read_close
                0x000000000041b844      0x1b4 miscutils/lib.a(conspy.o)
 .text.conspy_main
                0x000000000041b9f8      0x8e8 miscutils/lib.a(conspy.o)
                0x000000000041b9f8                conspy_main
 .text.crondlog
                0x000000000041c2e0       0x68 miscutils/lib.a(crond.o)
 .text.log8     0x000000000041c348       0x58 miscutils/lib.a(crond.o)
 .text.log7     0x000000000041c3a0       0x58 miscutils/lib.a(crond.o)
 .text.log5     0x000000000041c3f8       0x58 miscutils/lib.a(crond.o)
 .text.reopen_logfile_to_stderr
                0x000000000041c450       0x68 miscutils/lib.a(crond.o)
 .text.delete_cronfile
                0x000000000041c4b8      0x138 miscutils/lib.a(crond.o)
 .text.ParseField
                0x000000000041c5f0      0x300 miscutils/lib.a(crond.o)
 .text.load_crontab
                0x000000000041c8f0      0x518 miscutils/lib.a(crond.o)
 .text.rescan_crontab_dir
                0x000000000041ce08      0x150 miscutils/lib.a(crond.o)
 .text.fork_job
                0x000000000041cf58      0x30c miscutils/lib.a(crond.o)
 .text.crond_main
                0x000000000041d264      0x994 miscutils/lib.a(crond.o)
                0x000000000041d264                crond_main
 .text.edit_file
                0x000000000041dbf8      0x130 miscutils/lib.a(crontab.o)
 .text.crontab_main
                0x000000000041dd28      0x490 miscutils/lib.a(crontab.o)
                0x000000000041dd28                crontab_main
 .text.pop      0x000000000041e1b8       0x68 miscutils/lib.a(dc.o)
 .text.push     0x000000000041e220       0x6c miscutils/lib.a(dc.o)
 .text.stack_machine
                0x000000000041e28c       0xe4 miscutils/lib.a(dc.o)
 .text.dc_main  0x000000000041e370      0x138 miscutils/lib.a(dc.o)
                0x000000000041e370                dc_main
 .text.not      0x000000000041e4a8       0xe8 miscutils/lib.a(dc.o)
 .text.eor      0x000000000041e590      0x13c miscutils/lib.a(dc.o)
 .text.or       0x000000000041e6cc      0x13c miscutils/lib.a(dc.o)
 .text.and      0x000000000041e808      0x13c miscutils/lib.a(dc.o)
 .text.mod      0x000000000041e944      0x138 miscutils/lib.a(dc.o)
 .text.divide   0x000000000041ea7c       0x70 miscutils/lib.a(dc.o)
 .text.mul      0x000000000041eaec       0x70 miscutils/lib.a(dc.o)
 .text.sub      0x000000000041eb5c       0x70 miscutils/lib.a(dc.o)
 .text.add      0x000000000041ebcc       0x70 miscutils/lib.a(dc.o)
 .text.set_output_base
                0x000000000041ec3c      0x130 miscutils/lib.a(dc.o)
 .text.print_base
                0x000000000041ed6c      0x220 miscutils/lib.a(dc.o)
 .text.print_no_pop
                0x000000000041ef8c       0x38 miscutils/lib.a(dc.o)
 .text.print_stack_no_pop
                0x000000000041efc4       0x78 miscutils/lib.a(dc.o)
 .text.power    0x000000000041f03c       0x88 miscutils/lib.a(dc.o)
 .text.devmem_main
                0x000000000041f0c4      0x380 miscutils/lib.a(devmem.o)
                0x000000000041f0c4                devmem_main
 .text.eject_main
                0x000000000041f444      0x244 miscutils/lib.a(eject.o)
                0x000000000041f444                eject_main
 .text.fb_pixel_value
                0x000000000041f688       0x9c miscutils/lib.a(fbsplash.o)
 .text.fb_write_pixel
                0x000000000041f724       0x6c miscutils/lib.a(fbsplash.o)
 .text.fb_drawfullrectangle
                0x000000000041f790      0x108 miscutils/lib.a(fbsplash.o)
 .text.fb_drawprogressbar
                0x000000000041f898      0x33c miscutils/lib.a(fbsplash.o)
 .text.fbsplash_main
                0x000000000041fbd4      0x7f4 miscutils/lib.a(fbsplash.o)
                0x000000000041fbd4                fbsplash_main
 .text.parse_opts
                0x00000000004203c8       0x60 miscutils/lib.a(hdparm.o)
 .text.parse_opts_0_INTMAX
                0x0000000000420428       0x24 miscutils/lib.a(hdparm.o)
 .text.parse_opts_0_1
                0x000000000042044c       0x20 miscutils/lib.a(hdparm.o)
 .text.parse_opts_0_max
                0x000000000042046c       0x20 miscutils/lib.a(hdparm.o)
 .text.parse_xfermode
                0x000000000042048c      0x144 miscutils/lib.a(hdparm.o)
 .text.read_big_block
                0x00000000004205d0       0x68 miscutils/lib.a(hdparm.o)
 .text.print_flag
                0x0000000000420638       0x2c miscutils/lib.a(hdparm.o)
 .text.mode_loop
                0x0000000000420664       0xec miscutils/lib.a(hdparm.o)
 .text.xprint_ascii
                0x0000000000420750       0xfc miscutils/lib.a(hdparm.o)
 .text.on_off   0x000000000042084c       0x34 miscutils/lib.a(hdparm.o)
 .text.bus_state_value
                0x0000000000420880       0x68 miscutils/lib.a(hdparm.o)
 .text.print_value_on_off
                0x00000000004208e8       0x58 miscutils/lib.a(hdparm.o)
 .text.print_flag_on_off
                0x0000000000420940       0x64 miscutils/lib.a(hdparm.o)
 .text.identify
                0x00000000004209a4     0x1b80 miscutils/lib.a(hdparm.o)
 .text.ioctl_alt_func
                0x0000000000422524       0xa4 miscutils/lib.a(hdparm.o)
 .text.dump_identity
                0x00000000004225c8      0x764 miscutils/lib.a(hdparm.o)
 .text.seek_to_zero
                0x0000000000422d2c       0x44 miscutils/lib.a(hdparm.o)
 .text.flush_buffer_cache
                0x0000000000422d70       0xc4 miscutils/lib.a(hdparm.o)
 .text.do_time  0x0000000000422e34      0x3dc miscutils/lib.a(hdparm.o)
 .text.hdparm_main
                0x0000000000423210     0x1cc0 miscutils/lib.a(hdparm.o)
                0x0000000000423210                hdparm_main
 .text.ionice_main
                0x0000000000424ed0      0x20c miscutils/lib.a(ionice.o)
                0x0000000000424ed0                ionice_main
 .text.show_entry
                0x00000000004250dc      0x244 miscutils/lib.a(last_fancy.o)
 .text.last_main
                0x0000000000425320      0x5c0 miscutils/lib.a(last_fancy.o)
                0x0000000000425320                last_main
 .text.opp_bracket
                0x00000000004258e0       0x8c miscutils/lib.a(less.o)
 .text.sigwinch_handler
                0x000000000042596c       0x30 miscutils/lib.a(less.o)
 .text.print_hilite
                0x000000000042599c       0x24 miscutils/lib.a(less.o)
 .text.clear_line
                0x00000000004259c0       0x2c miscutils/lib.a(less.o)
 .text.m_status_print
                0x00000000004259ec      0x1ac miscutils/lib.a(less.o)
 .text.print_statusline
                0x0000000000425b98       0x64 miscutils/lib.a(less.o)
 .text.move_cursor
                0x0000000000425bfc       0x28 miscutils/lib.a(less.o)
 .text.fill_match_lines
                0x0000000000425c24      0x108 miscutils/lib.a(less.o)
 .text.read_lines
                0x0000000000425d2c      0x554 miscutils/lib.a(less.o)
 .text.re_wrap  0x0000000000426280      0x284 miscutils/lib.a(less.o)
 .text.lineno_str
                0x0000000000426504       0xfc miscutils/lib.a(less.o)
 .text.print_found
                0x0000000000426600      0x280 miscutils/lib.a(less.o)
 .text.print_ascii
                0x0000000000426880      0x1cc miscutils/lib.a(less.o)
 .text.status_print
                0x0000000000426a4c      0x130 miscutils/lib.a(less.o)
 .text.buffer_print
                0x0000000000426b7c       0xbc miscutils/lib.a(less.o)
 .text.buffer_fill_and_print
                0x0000000000426c38      0x158 miscutils/lib.a(less.o)
 .text.reinitialize
                0x0000000000426d90      0x160 miscutils/lib.a(less.o)
 .text.change_file
                0x0000000000426ef0       0xe0 miscutils/lib.a(less.o)
 .text.buffer_line
                0x0000000000426fd0       0x98 miscutils/lib.a(less.o)
 .text.goto_match
                0x0000000000427068      0x108 miscutils/lib.a(less.o)
 .text.buffer_up
                0x0000000000427170       0x70 miscutils/lib.a(less.o)
 .text.buffer_down
                0x00000000004271e0       0xc4 miscutils/lib.a(less.o)
 .text.set_tty_cooked
                0x00000000004272a4       0x50 miscutils/lib.a(less.o)
 .text.less_exit
                0x00000000004272f4       0x78 miscutils/lib.a(less.o)
 .text.sig_catcher
                0x000000000042736c       0x20 miscutils/lib.a(less.o)
 .text.getch_nowait
                0x000000000042738c      0x24c miscutils/lib.a(less.o)
 .text.less_gets
                0x00000000004275d8      0x148 miscutils/lib.a(less.o)
 .text.less_getch
                0x0000000000427720       0x90 miscutils/lib.a(less.o)
 .text.examine_file
                0x00000000004277b0      0x12c miscutils/lib.a(less.o)
 .text.regex_process
                0x00000000004278dc      0x250 miscutils/lib.a(less.o)
 .text.less_main
                0x0000000000427b2c     0x11bc miscutils/lib.a(less.o)
                0x0000000000427b2c                less_main
 .text.makedevs_main
                0x0000000000428ce8      0x604 miscutils/lib.a(makedevs.o)
                0x0000000000428ce8                makedevs_main
 .text.run_pipe
                0x00000000004292ec      0x318 miscutils/lib.a(man.o)
 .text.show_manpage
                0x0000000000429604      0x1ac miscutils/lib.a(man.o)
 .text.man_main
                0x00000000004297b0      0x598 miscutils/lib.a(man.o)
                0x00000000004297b0                man_main
 .text.xget1    0x0000000000429d48       0x90 miscutils/lib.a(microcom.o)
 .text.xset1    0x0000000000429dd8       0x74 miscutils/lib.a(microcom.o)
 .text.microcom_main
                0x0000000000429e4c      0x494 miscutils/lib.a(microcom.o)
                0x0000000000429e4c                microcom_main
 .text.mountpoint_main
                0x000000000042a2e0      0x340 miscutils/lib.a(mountpoint.o)
                0x000000000042a2e0                mountpoint_main
 .text.mt_main  0x000000000042a620      0x1d4 miscutils/lib.a(mt.o)
                0x000000000042a620                mt_main
 .text.next_good_eraseblock
                0x000000000042a7f4      0x104 miscutils/lib.a(nandwrite.o)
 .text.dump_bad
                0x000000000042a8f8      0x10c miscutils/lib.a(nandwrite.o)
 .text.nandwrite_main
                0x000000000042aa04      0x7a0 miscutils/lib.a(nandwrite.o)
                0x000000000042aa04                nandwrite_main
 .text.raidautorun_main
                0x000000000042b1a4       0x78 miscutils/lib.a(raidautorun.o)
                0x000000000042b1a4                raidautorun_main
 .text.readahead_main
                0x000000000042b21c      0x124 miscutils/lib.a(readahead.o)
                0x000000000042b21c                readahead_main
 .text.runlevel_main
                0x000000000042b340      0x11c miscutils/lib.a(runlevel.o)
                0x000000000042b340                runlevel_main
 .text.sigalrm_handler
                0x000000000042b45c        0x8 miscutils/lib.a(rx.o)
 .text.read_byte
                0x000000000042b464       0x84 miscutils/lib.a(rx.o)
 .text.rx_main  0x000000000042b4e8      0x580 miscutils/lib.a(rx.o)
                0x000000000042b4e8                rx_main
 .text.serial_open
                0x000000000042ba68       0x78 miscutils/lib.a(setserial.o)
 .text.index_in_strings_case_insensitive
                0x000000000042bae0       0x98 miscutils/lib.a(setserial.o)
 .text.get_numeric
                0x000000000042bb78       0x1c miscutils/lib.a(setserial.o)
 .text.serial_ctl
                0x000000000042bb94      0x14c miscutils/lib.a(setserial.o)
 .text.print_flag
                0x000000000042bce0       0x64 miscutils/lib.a(setserial.o)
 .text.setserial_main
                0x000000000042bd44      0x7f4 miscutils/lib.a(setserial.o)
                0x000000000042bd44                setserial_main
 .text.setsid_main
                0x000000000042c538       0xac miscutils/lib.a(setsid.o)
                0x000000000042c538                setsid_main
 .text.strings_main
                0x000000000042c5e4      0x28c miscutils/lib.a(strings.o)
                0x000000000042c5e4                strings_main
 .text.ptok     0x000000000042c870       0x44 miscutils/lib.a(time.o)
 .text.run_command
                0x000000000042c8b4      0x19c miscutils/lib.a(time.o)
 .text.time_main
                0x000000000042ca50      0x868 miscutils/lib.a(time.o)
                0x000000000042ca50                time_main
 .text.timeout_main
                0x000000000042d2b8      0x218 miscutils/lib.a(timeout.o)
                0x000000000042d2b8                timeout_main
 .text.ttysize_main
                0x000000000042d4d0      0x120 miscutils/lib.a(ttysize.o)
                0x000000000042d4d0                ttysize_main
 .text.get_num_from_file
                0x000000000042d5f0       0xe0 miscutils/lib.a(ubi_tools.o)
 .text.ubi_tools_main
                0x000000000042d6d0      0x6a4 miscutils/lib.a(ubi_tools.o)
                0x000000000042d6d0                ubi_tools_main
 .text.volname_main
                0x000000000042dd74       0xd8 miscutils/lib.a(volname.o)
                0x000000000042dd74                volname_main
 .text.wall_main
                0x000000000042de4c      0x13c miscutils/lib.a(wall.o)
                0x000000000042de4c                wall_main
 .text.watchdog_shutdown
                0x000000000042df88       0x7c miscutils/lib.a(watchdog.o)
 .text.watchdog_main
                0x000000000042e004      0x200 miscutils/lib.a(watchdog.o)
                0x000000000042e004                watchdog_main
 .text.display  0x000000000042e204       0xac modutils/lib.a(modinfo.o)
 .text.modinfo  0x000000000042e2b0      0x26c modutils/lib.a(modinfo.o)
 .text.modinfo_main
                0x000000000042e51c      0x1fc modutils/lib.a(modinfo.o)
                0x000000000042e51c                modinfo_main
 .text.reset_stringbuf
                0x000000000042e718       0x20 modutils/lib.a(modprobe-small.o)
 .text.replace  0x000000000042e738       0x34 modutils/lib.a(modprobe-small.o)
 .text.load_module
                0x000000000042e76c       0xb4 modutils/lib.a(modprobe-small.o)
 .text.moderror
                0x000000000042e820       0x94 modutils/lib.a(modprobe-small.o)
 .text.load_dep_bb
                0x000000000042e8b4      0x210 modutils/lib.a(modprobe-small.o)
 .text.pathname_matches_modname
                0x000000000042eac4       0xc4 modutils/lib.a(modprobe-small.o)
 .text.find_keyword
                0x000000000042eb88       0xe4 modutils/lib.a(modprobe-small.o)
 .text.copy_stringbuf
                0x000000000042ec6c       0x5c modutils/lib.a(modprobe-small.o)
 .text.append   0x000000000042ecc8       0xc4 modutils/lib.a(modprobe-small.o)
 .text.parse_module
                0x000000000042ed8c      0x330 modutils/lib.a(modprobe-small.o)
 .text.str_2_list
                0x000000000042f0bc       0xac modutils/lib.a(modprobe-small.o)
 .text.find_alias
                0x000000000042f168      0x4c8 modutils/lib.a(modprobe-small.o)
 .text.process_module
                0x000000000042f630      0x57c modutils/lib.a(modprobe-small.o)
 .text.modprobe_main
                0x000000000042fbac      0x3d8 modutils/lib.a(modprobe-small.o)
                0x000000000042fbac                modprobe_main
 .text.fileAction
                0x000000000042ff84      0x184 modutils/lib.a(modprobe-small.o)
 .text.filename2modname
                0x0000000000430108       0xd0 modutils/lib.a(modutils.o)
                0x0000000000430108                filename2modname
 .text.arp_main
                0x00000000004301d8      0xc70 networking/lib.a(arp.o)
                0x00000000004301d8                arp_main
 .text.finish   0x0000000000430e48       0xf0 networking/lib.a(arping.o)
 .text.catcher  0x0000000000430f38      0x274 networking/lib.a(arping.o)
 .text.arping_main
                0x00000000004311ac      0xaf0 networking/lib.a(arping.o)
                0x00000000004311ac                arping_main
 .text.arm_ioctl
                0x0000000000431c9c       0x14 networking/lib.a(brctl.o)
 .text.brctl_main
                0x0000000000431cb0      0x7ac networking/lib.a(brctl.o)
                0x0000000000431cb0                brctl_main
 .text.undot    0x000000000043245c       0x68 networking/lib.a(dnsd.o)
 .text.dnsd_main
                0x00000000004324c4      0x864 networking/lib.a(dnsd.o)
                0x00000000004324c4                dnsd_main
 .text.ether_wake_main
                0x0000000000432d28      0x424 networking/lib.a(ether-wake.o)
                0x0000000000432d28                ether_wake_main
 .text.replace_char
                0x000000000043314c       0x38 networking/lib.a(ftpd.o)
 .text.pasv_active
                0x0000000000433184       0x28 networking/lib.a(ftpd.o)
 .text.verbose_log
                0x00000000004331ac       0x58 networking/lib.a(ftpd.o)
 .text.cmdio_get_cmd_and_arg
                0x0000000000433204      0x200 networking/lib.a(ftpd.o)
 .text.cmdio_write_error
                0x0000000000433404       0x80 networking/lib.a(ftpd.o)
 .text.cmdio_write_ok
                0x0000000000433484       0x84 networking/lib.a(ftpd.o)
 .text.escape_text
                0x0000000000433508      0x124 networking/lib.a(ftpd.o)
 .text.cmdio_write
                0x000000000043362c       0xdc networking/lib.a(ftpd.o)
 .text.handle_cwd
                0x0000000000433708       0x74 networking/lib.a(ftpd.o)
 .text.port_pasv_cleanup
                0x000000000043377c       0x70 networking/lib.a(ftpd.o)
 .text.get_remote_transfer_fd
                0x00000000004337ec      0x150 networking/lib.a(ftpd.o)
 .text.bind_for_passive_mode
                0x000000000043393c      0x114 networking/lib.a(ftpd.o)
 .text.cmdio_write_raw
                0x0000000000433a50       0x7c networking/lib.a(ftpd.o)
 .text.port_or_pasv_was_seen
                0x0000000000433acc       0x84 networking/lib.a(ftpd.o)
 .text.handle_upload_common
                0x0000000000433b50      0x2a4 networking/lib.a(ftpd.o)
 .text.handle_dir_common
                0x0000000000433df4      0x358 networking/lib.a(ftpd.o)
 .text.ftpd_main
                0x000000000043414c      0xe48 networking/lib.a(ftpd.o)
                0x000000000043414c                ftpd_main
 .text.timeout_handler
                0x0000000000434f94      0x104 networking/lib.a(ftpd.o)
 .text.ftp_die  0x0000000000435098       0x84 networking/lib.a(ftpgetput.o)
 .text.ftpcmd   0x000000000043511c      0x164 networking/lib.a(ftpgetput.o)
 .text.ftpgetput_main
                0x0000000000435280      0x2a4 networking/lib.a(ftpgetput.o)
                0x0000000000435280                ftpgetput_main
 .text.xconnect_ftpdata
                0x0000000000435524      0x13c networking/lib.a(ftpgetput.o)
 .text.pump_data_and_QUIT
                0x0000000000435660       0xe0 networking/lib.a(ftpgetput.o)
 .text.ftp_send
                0x0000000000435740       0xf0 networking/lib.a(ftpgetput.o)
 .text.ftp_receive
                0x0000000000435830      0x234 networking/lib.a(ftpgetput.o)
 .text.do_sethostname
                0x0000000000435a64       0xec networking/lib.a(hostname.o)
 .text.hostname_main
                0x0000000000435b50      0x29c networking/lib.a(hostname.o)
                0x0000000000435b50                hostname_main
 .text.scan_ip  0x0000000000435dec      0x108 networking/lib.a(httpd.o)
 .text.checkPermIP
                0x0000000000435ef4       0x70 networking/lib.a(httpd.o)
 .text.free_llist
                0x0000000000435f64       0x64 networking/lib.a(httpd.o)
 .text.get_line
                0x0000000000435fc8       0xfc networking/lib.a(httpd.o)
 .text.check_user_passwd
                0x00000000004360c4      0x328 networking/lib.a(httpd.o)
 .text.log_and_exit
                0x00000000004363ec       0x84 networking/lib.a(httpd.o)
 .text.cgi_io_loop_and_exit
                0x0000000000436470      0x338 networking/lib.a(httpd.o)
 .text.setenv1  0x00000000004367a8       0x2c networking/lib.a(httpd.o)
 .text.send_file_and_exit
                0x00000000004367d4      0x5a4 networking/lib.a(httpd.o)
 .text.send_headers
                0x0000000000436d78      0x4cc networking/lib.a(httpd.o)
 .text.send_headers_and_exit
                0x0000000000437244       0x4c networking/lib.a(httpd.o)
 .text.send_REQUEST_TIMEOUT_and_exit
                0x0000000000437290       0x2c networking/lib.a(httpd.o)
 .text.send_cgi_and_exit
                0x00000000004372bc      0x6b4 networking/lib.a(httpd.o)
 .text.parse_conf
                0x0000000000437970      0x82c networking/lib.a(httpd.o)
 .text.sighup_handler
                0x000000000043819c       0x24 networking/lib.a(httpd.o)
 .text.handle_incoming_and_exit
                0x00000000004381c0     0x1060 networking/lib.a(httpd.o)
 .text.httpd_main
                0x0000000000439220      0x5b4 networking/lib.a(httpd.o)
                0x0000000000439220                httpd_main
 .text.ifconfig_main
                0x00000000004397d4      0x6f0 networking/lib.a(ifconfig.o)
                0x00000000004397d4                ifconfig_main
 .text.ioctl_on_skfd
                0x0000000000439ec4       0x20 networking/lib.a(ifenslave.o)
 .text.set_ifrname_and_do_ioctl
                0x0000000000439ee4       0x60 networking/lib.a(ifenslave.o)
 .text.set_if_flags
                0x0000000000439f44       0x48 networking/lib.a(ifenslave.o)
 .text.set_if_down
                0x0000000000439f8c       0x78 networking/lib.a(ifenslave.o)
 .text.set_if_up
                0x000000000043a004       0x74 networking/lib.a(ifenslave.o)
 .text.set_mtu  0x000000000043a078       0x48 networking/lib.a(ifenslave.o)
 .text.get_slave_flags
                0x000000000043a0c0       0x2c networking/lib.a(ifenslave.o)
 .text.get_if_settings
                0x000000000043a0ec       0x9c networking/lib.a(ifenslave.o)
 .text.get_drv_info
                0x000000000043a188      0x154 networking/lib.a(ifenslave.o)
 .text.set_hwaddr
                0x000000000043a2dc       0x74 networking/lib.a(ifenslave.o)
 .text.enslave  0x000000000043a350      0x3d0 networking/lib.a(ifenslave.o)
 .text.ifenslave_main
                0x000000000043a720      0x4c8 networking/lib.a(ifenslave.o)
                0x000000000043a720                ifenslave_main
 .text.strstatus
                0x000000000043abe8       0x44 networking/lib.a(ifplugd.o)
 .text.read_pid
                0x000000000043ac2c       0x74 networking/lib.a(ifplugd.o)
 .text.set_ifreq_to_ifname
                0x000000000043aca0       0x58 networking/lib.a(ifplugd.o)
 .text.network_ioctl
                0x000000000043acf8       0x80 networking/lib.a(ifplugd.o)
 .text.detect_link_iff
                0x000000000043ad78       0xac networking/lib.a(ifplugd.o)
 .text.detect_link_ethtool
                0x000000000043ae24       0x8c networking/lib.a(ifplugd.o)
 .text.detect_link_priv
                0x000000000043aeb0       0xb8 networking/lib.a(ifplugd.o)
 .text.detect_link_mii
                0x000000000043af68       0xb8 networking/lib.a(ifplugd.o)
 .text.check_existence_through_netlink
                0x000000000043b020      0x254 networking/lib.a(ifplugd.o)
 .text.up_iface
                0x000000000043b274      0x108 networking/lib.a(ifplugd.o)
 .text.detect_link
                0x000000000043b37c      0x208 networking/lib.a(ifplugd.o)
 .text.maybe_up_new_iface
                0x000000000043b584       0x8c networking/lib.a(ifplugd.o)
 .text.detect_link_wlan
                0x000000000043b610       0xfc networking/lib.a(ifplugd.o)
 .text.run_script
                0x000000000043b70c      0x1f0 networking/lib.a(ifplugd.o)
 .text.ifplugd_main
                0x000000000043b8fc      0x870 networking/lib.a(ifplugd.o)
                0x000000000043b8fc                ifplugd_main
 .text.manual_up_down6
                0x000000000043c16c        0x8 networking/lib.a(ifupdown.o)
 .text.manual_up_down
                0x000000000043c174        0x8 networking/lib.a(ifupdown.o)
 .text.link_up_down
                0x000000000043c17c        0x8 networking/lib.a(ifupdown.o)
 .text.check    0x000000000043c184        0x8 networking/lib.a(ifupdown.o)
 .text.find_iface_state
                0x000000000043c18c       0xa8 networking/lib.a(ifupdown.o)
 .text.strncmpz
                0x000000000043c234       0x5c networking/lib.a(ifupdown.o)
 .text.get_var  0x000000000043c290      0x10c networking/lib.a(ifupdown.o)
 .text.addstr   0x000000000043c39c       0xb4 networking/lib.a(ifupdown.o)
 .text.execute  0x000000000043c450      0x4d0 networking/lib.a(ifupdown.o)
 .text.wvdial_down
                0x000000000043c920       0x2c networking/lib.a(ifupdown.o)
 .text.wvdial_up
                0x000000000043c94c       0x2c networking/lib.a(ifupdown.o)
 .text.ppp_down
                0x000000000043c978       0x2c networking/lib.a(ifupdown.o)
 .text.ppp_up   0x000000000043c9a4       0x2c networking/lib.a(ifupdown.o)
 .text.bootp_up
                0x000000000043c9d0       0x2c networking/lib.a(ifupdown.o)
 .text.dhcp_up  0x000000000043c9fc       0x98 networking/lib.a(ifupdown.o)
 .text.static_down
                0x000000000043ca94       0xa0 networking/lib.a(ifupdown.o)
 .text.static_up
                0x000000000043cb34       0xc8 networking/lib.a(ifupdown.o)
 .text.loopback_down
                0x000000000043cbfc       0xa0 networking/lib.a(ifupdown.o)
 .text.loopback_up
                0x000000000043cc9c       0xa0 networking/lib.a(ifupdown.o)
 .text.v4tunnel_down
                0x000000000043cd3c       0x2c networking/lib.a(ifupdown.o)
 .text.v4tunnel_up
                0x000000000043cd68       0xec networking/lib.a(ifupdown.o)
 .text.static_down6
                0x000000000043ce54       0x2c networking/lib.a(ifupdown.o)
 .text.static_up6
                0x000000000043ce80       0xc8 networking/lib.a(ifupdown.o)
 .text.loopback_down6
                0x000000000043cf48       0x2c networking/lib.a(ifupdown.o)
 .text.loopback_up6
                0x000000000043cf74       0xa0 networking/lib.a(ifupdown.o)
 .text.dhcp_down
                0x000000000043d014       0xb0 networking/lib.a(ifupdown.o)
 .text.next_word
                0x000000000043d0c4       0xb0 networking/lib.a(ifupdown.o)
 .text.read_interfaces
                0x000000000043d174      0x880 networking/lib.a(ifupdown.o)
 .text.popen2   0x000000000043d9f4      0x194 networking/lib.a(ifupdown.o)
 .text.read_iface_state
                0x000000000043db88       0xcc networking/lib.a(ifupdown.o)
 .text.ifupdown_main
                0x000000000043dc54      0x830 networking/lib.a(ifupdown.o)
                0x000000000043dc54                ifupdown_main
 .text.setlocalenv
                0x000000000043e484       0xf8 networking/lib.a(ifupdown.o)
 .text.set_environ
                0x000000000043e57c      0x228 networking/lib.a(ifupdown.o)
 .text.doit     0x000000000043e7a4      0x120 networking/lib.a(ifupdown.o)
 .text.execute_all
                0x000000000043e8c4       0xf4 networking/lib.a(ifupdown.o)
 .text.iface_down
                0x000000000043e9b8      0x128 networking/lib.a(ifupdown.o)
 .text.iface_up
                0x000000000043eae0      0x12c networking/lib.a(ifupdown.o)
 .text.remove_fd_from_set
                0x000000000043ec0c       0x4c networking/lib.a(inetd.o)
 .text.init_ring
                0x000000000043ec58       0x44 networking/lib.a(inetd.o)
 .text.discard_dg
                0x000000000043ec9c       0x24 networking/lib.a(inetd.o)
 .text.maybe_close
                0x000000000043ecc0       0x28 networking/lib.a(inetd.o)
 .text.free_servtab_strings
                0x000000000043ece8      0x104 networking/lib.a(inetd.o)
 .text.bump_nofile
                0x000000000043edec      0x154 networking/lib.a(inetd.o)
 .text.add_fd_to_set
                0x000000000043ef40       0xa4 networking/lib.a(inetd.o)
 .text.restore_sigmask
                0x000000000043efe4       0x20 networking/lib.a(inetd.o)
 .text.block_CHLD_HUP_ALRM
                0x000000000043f004       0x98 networking/lib.a(inetd.o)
 .text.rearm_alarm
                0x000000000043f09c       0x38 networking/lib.a(inetd.o)
 .text.new_servtab
                0x000000000043f0d4       0x44 networking/lib.a(inetd.o)
 .text.xzalloc_lsa
                0x000000000043f118       0x70 networking/lib.a(inetd.o)
 .text.unregister_rpc
                0x000000000043f188       0x8c networking/lib.a(inetd.o)
 .text.clean_up_and_exit
                0x000000000043f214       0xf4 networking/lib.a(inetd.o)
 .text.reap_child
                0x000000000043f308      0x144 networking/lib.a(inetd.o)
 .text.daytime_dg
                0x000000000043f44c      0x134 networking/lib.a(inetd.o)
 .text.daytime_stream
                0x000000000043f580       0x74 networking/lib.a(inetd.o)
 .text.machtime
                0x000000000043f5f4       0x6c networking/lib.a(inetd.o)
 .text.machtime_dg
                0x000000000043f660       0xe4 networking/lib.a(inetd.o)
 .text.machtime_stream
                0x000000000043f744       0x60 networking/lib.a(inetd.o)
 .text.chargen_dg
                0x000000000043f7a4      0x1a0 networking/lib.a(inetd.o)
 .text.chargen_stream
                0x000000000043f944      0x100 networking/lib.a(inetd.o)
 .text.discard_stream
                0x000000000043fa44       0x54 networking/lib.a(inetd.o)
 .text.echo_stream
                0x000000000043fa98       0x80 networking/lib.a(inetd.o)
 .text.echo_dg  0x000000000043fb18       0xfc networking/lib.a(inetd.o)
 .text.register_rpc
                0x000000000043fc14      0x12c networking/lib.a(inetd.o)
 .text.prepare_socket_fd
                0x000000000043fd40      0x278 networking/lib.a(inetd.o)
 .text.retry_network_setup
                0x000000000043ffb8       0xd0 networking/lib.a(inetd.o)
 .text.reread_config_file
                0x0000000000440088      0xf60 networking/lib.a(inetd.o)
 .text.inetd_main
                0x0000000000440fe8      0xe74 networking/lib.a(inetd.o)
                0x0000000000440fe8                inetd_main
 .text.get_afntype
                0x0000000000441e5c       0x40 networking/lib.a(interface.o)
 .text.get_hwntype
                0x0000000000441e9c       0x40 networking/lib.a(interface.o)
                0x0000000000441e9c                get_hwntype
 .text.get_hwtype
                0x0000000000441edc       0x7c networking/lib.a(interface.o)
                0x0000000000441edc                get_hwtype
 .text.get_aftype
                0x0000000000441f58       0x7c networking/lib.a(interface.o)
                0x0000000000441f58                get_aftype
 .text.add_interface
                0x0000000000441fd4      0x12c networking/lib.a(interface.o)
 .text.if_readconf
                0x0000000000442100      0x154 networking/lib.a(interface.o)
 .text.if_readlist_proc
                0x0000000000442254      0x3a0 networking/lib.a(interface.o)
 .text.do_if_fetch
                0x00000000004425f4      0x4bc networking/lib.a(interface.o)
 .text.print_bytes_scaled
                0x0000000000442ab0       0xc8 networking/lib.a(interface.o)
 .text.UNSPEC_print
                0x0000000000442b78       0xbc networking/lib.a(interface.o)
 .text.UNSPEC_sprint
                0x0000000000442c34       0x48 networking/lib.a(interface.o)
 .text.INET6_input
                0x0000000000442c7c       0x1c networking/lib.a(interface.o)
 .text.INET6_sprint
                0x0000000000442c98       0x9c networking/lib.a(interface.o)
 .text.INET_input
                0x0000000000442d34       0x1c networking/lib.a(interface.o)
 .text.INET_sprint
                0x0000000000442d50       0xa0 networking/lib.a(interface.o)
 .text.ife_print
                0x0000000000442df0      0x954 networking/lib.a(interface.o)
 .text.display_interfaces
                0x0000000000443744      0x1b4 networking/lib.a(interface.o)
                0x0000000000443744                display_interfaces
 .text.in_ib    0x00000000004438f8       0x4c networking/lib.a(interface.o)
                0x00000000004438f8                in_ib
 .text.ether_print
                0x0000000000443944       0x8c networking/lib.a(interface.o)
 .text.ip_do    0x00000000004439d0       0x48 networking/lib.a(ip.o)
 .text.iptunnel_main
                0x0000000000443a18       0x20 networking/lib.a(ip.o)
                0x0000000000443a18                iptunnel_main
 .text.iprule_main
                0x0000000000443a38       0x20 networking/lib.a(ip.o)
                0x0000000000443a38                iprule_main
 .text.iproute_main
                0x0000000000443a58       0x20 networking/lib.a(ip.o)
                0x0000000000443a58                iproute_main
 .text.iplink_main
                0x0000000000443a78       0x20 networking/lib.a(ip.o)
                0x0000000000443a78                iplink_main
 .text.ipaddr_main
                0x0000000000443a98       0x20 networking/lib.a(ip.o)
                0x0000000000443a98                ipaddr_main
 .text.ip_main  0x0000000000443ab8       0x88 networking/lib.a(ip.o)
                0x0000000000443ab8                ip_main
 .text.ip_print_help
                0x0000000000443b40       0x28 networking/lib.a(ip.o)
 .text.ipcalc_main
                0x0000000000443b68      0x418 networking/lib.a(ipcalc.o)
                0x0000000000443b68                ipcalc_main
 .text.do_timeout
                0x0000000000443f80        0x8 networking/lib.a(isrv_identd.o)
 .text.do_rd    0x0000000000443f88      0x134 networking/lib.a(isrv_identd.o)
 .text.fakeidentd_main
                0x00000000004440bc      0x224 networking/lib.a(isrv_identd.o)
                0x00000000004440bc                fakeidentd_main
 .text.new_peer
                0x00000000004442e0       0xd0 networking/lib.a(isrv_identd.o)
 .text.prepend_new_eth_table
                0x00000000004443b0      0x298 networking/lib.a(nameif.o)
 .text.nameif_main
                0x0000000000444648      0x464 networking/lib.a(nameif.o)
                0x0000000000444648                nameif_main
 .text.nbdclient_main
                0x0000000000444aac      0x37c networking/lib.a(nbd-client.o)
                0x0000000000444aac                nbdclient_main
 .text.timeout  0x0000000000444e28       0x2c networking/lib.a(nc.o)
 .text.nc_main  0x0000000000444e54      0x61c networking/lib.a(nc.o)
                0x0000000000444e54                nc_main
 .text.prg_cache_get
                0x0000000000445470       0x94 networking/lib.a(netstat.o)
 .text.dir_act  0x0000000000445504      0x160 networking/lib.a(netstat.o)
 .text.add_to_prg_cache_if_socket
                0x0000000000445664      0x1f0 networking/lib.a(netstat.o)
 .text.do_info  0x0000000000445854      0x110 networking/lib.a(netstat.o)
 .text.netstat_main
                0x0000000000445964      0x458 networking/lib.a(netstat.o)
                0x0000000000445964                netstat_main
 .text.build_ipv4_addr
                0x0000000000445dbc       0x50 networking/lib.a(netstat.o)
 .text.unix_do_one
                0x0000000000445e0c      0x3f4 networking/lib.a(netstat.o)
 .text.build_ipv6_addr
                0x0000000000446200       0xb0 networking/lib.a(netstat.o)
 .text.scan_inet_proc_line
                0x00000000004462b0      0x144 networking/lib.a(netstat.o)
 .text.ip_port_str
                0x00000000004463f4      0x120 networking/lib.a(netstat.o)
 .text.print_inet_line
                0x0000000000446514      0x1d0 networking/lib.a(netstat.o)
 .text.raw_do_one
                0x00000000004466e4       0xd8 networking/lib.a(netstat.o)
 .text.udp_do_one
                0x00000000004467bc      0x120 networking/lib.a(netstat.o)
 .text.tcp_do_one
                0x00000000004468dc       0xbc networking/lib.a(netstat.o)
 .text.set_default_dns
                0x0000000000446998       0xc0 networking/lib.a(nslookup.o)
 .text.print_host
                0x0000000000446a58      0x184 networking/lib.a(nslookup.o)
 .text.nslookup_main
                0x0000000000446bdc      0x144 networking/lib.a(nslookup.o)
                0x0000000000446bdc                nslookup_main
 .text.my_SQRT  0x0000000000446d20       0x68 networking/lib.a(ntpd.o)
 .text.lfp_to_d
                0x0000000000446d88       0xdc networking/lib.a(ntpd.o)
 .text.sfp_to_d
                0x0000000000446e64       0x68 networking/lib.a(ntpd.o)
 .text.d_to_lfp
                0x0000000000446ecc      0x1d0 networking/lib.a(ntpd.o)
 .text.d_to_sfp
                0x000000000044709c      0x188 networking/lib.a(ntpd.o)
 .text.set_next
                0x0000000000447224       0x5c networking/lib.a(ntpd.o)
 .text.filter_datapoints
                0x0000000000447280      0x18c networking/lib.a(ntpd.o)
 .text.reset_peer_stats
                0x000000000044740c       0xf8 networking/lib.a(ntpd.o)
 .text.compare_point_edge
                0x0000000000447504       0x48 networking/lib.a(ntpd.o)
 .text.compare_survivor_metric
                0x000000000044754c       0x48 networking/lib.a(ntpd.o)
 .text.set_new_values
                0x0000000000447594       0x38 networking/lib.a(ntpd.o)
 .text.add_peers
                0x00000000004475cc       0xe8 networking/lib.a(ntpd.o)
 .text.poll_interval
                0x00000000004476b4       0x78 networking/lib.a(ntpd.o)
 .text.do_sendto
                0x000000000044772c       0xbc networking/lib.a(ntpd.o)
 .text.gettime1900d
                0x00000000004477e8       0x8c networking/lib.a(ntpd.o)
 .text.ntp_init
                0x0000000000447874      0x3c4 networking/lib.a(ntpd.o)
 .text.recv_and_process_client_pkt
                0x0000000000447c38      0x36c networking/lib.a(ntpd.o)
 .text.step_time
                0x0000000000447fa4      0x2a0 networking/lib.a(ntpd.o)
 .text.run_script
                0x0000000000448244      0x298 networking/lib.a(ntpd.o)
 .text.update_local_clock
                0x00000000004484dc      0x5d0 networking/lib.a(ntpd.o)
 .text.select_and_cluster
                0x0000000000448aac      0x6d4 networking/lib.a(ntpd.o)
 .text.recv_and_process_peer_pkt
                0x0000000000449180      0x754 networking/lib.a(ntpd.o)
 .text.ntpd_main
                0x00000000004498d4      0x784 networking/lib.a(ntpd.o)
                0x00000000004498d4                ntpd_main
 .text.sendping_tail
                0x000000000044a058      0x1a4 networking/lib.a(ping.o)
 .text.sendping6
                0x000000000044a1fc       0x84 networking/lib.a(ping.o)
 .text.unpack_tail
                0x000000000044a280      0x210 networking/lib.a(ping.o)
 .text.sendping4
                0x000000000044a490       0xa8 networking/lib.a(ping.o)
 .text.print_stats_and_exit
                0x000000000044a538      0x1dc networking/lib.a(ping.o)
 .text.common_ping_main
                0x000000000044a714      0xb68 networking/lib.a(ping.o)
 .text.ping6_main
                0x000000000044b27c       0x20 networking/lib.a(ping.o)
                0x000000000044b27c                ping6_main
 .text.ping_main
                0x000000000044b29c       0x20 networking/lib.a(ping.o)
                0x000000000044b29c                ping_main
 .text.pscan_main
                0x000000000044b2bc      0x47c networking/lib.a(pscan.o)
                0x000000000044b2bc                pscan_main
 .text.set_flags
                0x000000000044b738       0x60 networking/lib.a(route.o)
 .text.kw_lookup
                0x000000000044b798       0xe4 networking/lib.a(route.o)
 .text.INET6_setroute
                0x000000000044b87c      0x3b0 networking/lib.a(route.o)
 .text.INET_setroute
                0x000000000044bc2c      0x5c4 networking/lib.a(route.o)
 .text.bb_displayroutes
                0x000000000044c1f0      0x308 networking/lib.a(route.o)
                0x000000000044c1f0                bb_displayroutes
 .text.route_main
                0x000000000044c4f8      0x4e4 networking/lib.a(route.o)
                0x000000000044c4f8                route_main
 .text.set_termios_state_or_warn
                0x000000000044c9dc       0x68 networking/lib.a(slattach.o)
 .text.restore_state_and_exit
                0x000000000044ca44      0x130 networking/lib.a(slattach.o)
 .text.sig_handler
                0x000000000044cb74       0x2c networking/lib.a(slattach.o)
 .text.slattach_main
                0x000000000044cba0      0x4bc networking/lib.a(slattach.o)
                0x000000000044cba0                slattach_main
 .text.connection_status
                0x000000000044d05c       0x40 networking/lib.a(tcpudp.o)
 .text.xsetenv_proto
                0x000000000044d09c       0x6c networking/lib.a(tcpudp.o)
 .text.xsetenv_plain
                0x000000000044d108       0x64 networking/lib.a(tcpudp.o)
 .text.tcpudpsvd_main
                0x000000000044d16c      0xd50 networking/lib.a(tcpudp.o)
                0x000000000044d16c                tcpudpsvd_main
 .text.sig_term_handler
                0x000000000044debc       0x60 networking/lib.a(tcpudp.o)
 .text.sig_child_handler
                0x000000000044df1c      0x144 networking/lib.a(tcpudp.o)
 .text.ipsvd_perhost_remove
                0x000000000044e060       0xa0 networking/lib.a(tcpudp_perhost.o)
                0x000000000044e060                ipsvd_perhost_remove
 .text.ipsvd_perhost_add
                0x000000000044e100      0x110 networking/lib.a(tcpudp_perhost.o)
                0x000000000044e100                ipsvd_perhost_add
 .text.ipsvd_perhost_init
                0x000000000044e210       0x5c networking/lib.a(tcpudp_perhost.o)
                0x000000000044e210                ipsvd_perhost_init
 .text.put_iac  0x000000000044e26c       0x30 networking/lib.a(telnet.o)
 .text.iac_flush
                0x000000000044e29c       0x4c networking/lib.a(telnet.o)
 .text.put_iac2
                0x000000000044e2e8       0xa4 networking/lib.a(telnet.o)
 .text.cookmode
                0x000000000044e38c       0x38 networking/lib.a(telnet.o)
 .text.rawmode  0x000000000044e3c4       0x38 networking/lib.a(telnet.o)
 .text.setConMode
                0x000000000044e3fc       0xc4 networking/lib.a(telnet.o)
 .text.doexit   0x000000000044e4c0       0x48 networking/lib.a(telnet.o)
 .text.con_escape
                0x000000000044e508      0x278 networking/lib.a(telnet.o)
 .text.telnet_main
                0x000000000044e780      0xa88 networking/lib.a(telnet.o)
                0x000000000044e780                telnet_main
 .text.make_new_session
                0x000000000044f208      0x42c networking/lib.a(telnetd.o)
 .text.free_session
                0x000000000044f634      0x13c networking/lib.a(telnetd.o)
 .text.telnetd_main
                0x000000000044f770      0xa8c networking/lib.a(telnetd.o)
                0x000000000044f770                telnetd_main
 .text.handle_sigchld
                0x00000000004501fc       0xcc networking/lib.a(telnetd.o)
 .text.tftp_get_option
                0x00000000004502c8       0xe8 networking/lib.a(tftp.o)
 .text.tftp_blksize_check
                0x00000000004503b0       0xa0 networking/lib.a(tftp.o)
 .text.tftp_progress_update
                0x0000000000450450       0x64 networking/lib.a(tftp.o)
 .text.tftp_progress_done
                0x00000000004504b4       0x94 networking/lib.a(tftp.o)
 .text.tftp_progress_init
                0x0000000000450548       0x48 networking/lib.a(tftp.o)
 .text.tftp_protocol
                0x0000000000450590      0xaa0 networking/lib.a(tftp.o)
 .text.tftpd_main
                0x0000000000451030      0x3f8 networking/lib.a(tftp.o)
                0x0000000000451030                tftpd_main
 .text.tftp_main
                0x0000000000451428      0x218 networking/lib.a(tftp.o)
                0x0000000000451428                tftp_main
 .text.pr_type  0x0000000000451640       0xb4 networking/lib.a(traceroute.o)
 .text.common_traceroute_main
                0x00000000004516f4     0x1738 networking/lib.a(traceroute.o)
 .text.traceroute6_main
                0x0000000000452e2c       0x20 networking/lib.a(traceroute.o)
                0x0000000000452e2c                traceroute6_main
 .text.traceroute_main
                0x0000000000452e4c       0x20 networking/lib.a(traceroute.o)
                0x0000000000452e4c                traceroute_main
 .text.tunctl_main
                0x0000000000452e6c      0x2bc networking/lib.a(tunctl.o)
                0x0000000000452e6c                tunctl_main
 .text.xfind_str
                0x0000000000453128       0x7c networking/lib.a(vconfig.o)
 .text.vconfig_main
                0x00000000004531a4      0x1b8 networking/lib.a(vconfig.o)
                0x00000000004531a4                vconfig_main
 .text.sanitize_string
                0x000000000045335c       0x28 networking/lib.a(wget.o)
 .text.alarm_handler
                0x0000000000453384       0x5c networking/lib.a(wget.o)
 .text.open_socket
                0x00000000004533e0       0xa0 networking/lib.a(wget.o)
 .text.base64enc
                0x0000000000453480       0x7c networking/lib.a(wget.o)
 .text.fgets_and_trim
                0x00000000004534fc       0xa4 networking/lib.a(wget.o)
 .text.reset_beg_range_to_zero
                0x00000000004535a0       0x6c networking/lib.a(wget.o)
 .text.parse_url
                0x000000000045360c      0x350 networking/lib.a(wget.o)
 .text.gethdr   0x000000000045395c      0x17c networking/lib.a(wget.o)
 .text.progress_meter
                0x0000000000453ad8      0x150 networking/lib.a(wget.o)
 .text.retrieve_file_data
                0x0000000000453c28      0x3a4 networking/lib.a(wget.o)
 .text.ftpcmd   0x0000000000453fcc       0xf8 networking/lib.a(wget.o)
 .text.wget_main
                0x00000000004540c4     0x13c0 networking/lib.a(wget.o)
                0x00000000004540c4                wget_main
 .text.whois_main
                0x0000000000455484      0x178 networking/lib.a(whois.o)
                0x0000000000455484                whois_main
 .text.pick     0x00000000004555fc       0x78 networking/lib.a(zcip.o)
 .text.arp      0x0000000000455674      0x158 networking/lib.a(zcip.o)
 .text.run      0x00000000004557cc      0x138 networking/lib.a(zcip.o)
 .text.zcip_main
                0x0000000000455904      0x828 networking/lib.a(zcip.o)
                0x0000000000455904                zcip_main
 .text.isrv_want_rd
                0x000000000045612c       0x24 networking/lib.a(isrv.o)
                0x000000000045612c                isrv_want_rd
 .text.isrv_dont_want_rd
                0x0000000000456150       0x28 networking/lib.a(isrv.o)
                0x0000000000456150                isrv_dont_want_rd
 .text.isrv_dont_want_wr
                0x0000000000456178       0x4c networking/lib.a(isrv.o)
                0x0000000000456178                isrv_dont_want_wr
 .text.isrv_register_peer
                0x00000000004561c4       0xc0 networking/lib.a(isrv.o)
                0x00000000004561c4                isrv_register_peer
 .text.isrv_register_fd
                0x0000000000456284       0xcc networking/lib.a(isrv.o)
                0x0000000000456284                isrv_register_fd
 .text.isrv_close_fd
                0x0000000000456350       0xf0 networking/lib.a(isrv.o)
                0x0000000000456350                isrv_close_fd
 .text.remove_peer
                0x0000000000456440      0x144 networking/lib.a(isrv.o)
 .text.handle_fd_set
                0x0000000000456584      0x234 networking/lib.a(isrv.o)
 .text.isrv_run
                0x00000000004567b8      0x338 networking/lib.a(isrv.o)
                0x00000000004567b8                isrv_run
 .text.ip_parse_common_args
                0x0000000000456af0      0x16c networking/libiproute/lib.a(ip_parse_common_args.o)
                0x0000000000456af0                ip_parse_common_args
 .text.flush_update
                0x0000000000456c5c       0x7c networking/libiproute/lib.a(ipaddress.o)
 .text.print_linkinfo
                0x0000000000456cd8      0x5c8 networking/libiproute/lib.a(ipaddress.o)
 .text.print_addrinfo
                0x00000000004572a0      0x788 networking/libiproute/lib.a(ipaddress.o)
 .text.ipaddr_list_or_flush
                0x0000000000457a28      0x6dc networking/libiproute/lib.a(ipaddress.o)
                0x0000000000457a28                ipaddr_list_or_flush
 .text.do_ipaddr
                0x0000000000458104      0x744 networking/libiproute/lib.a(ipaddress.o)
                0x0000000000458104                do_ipaddr
 .text.store_nlmsg
                0x0000000000458848       0xb8 networking/libiproute/lib.a(ipaddress.o)
 .text.die_must_be_on_off
                0x0000000000458900       0x30 networking/libiproute/lib.a(iplink.o)
 .text.parse_address
                0x0000000000458930       0xf0 networking/libiproute/lib.a(iplink.o)
 .text.get_ctl_fd
                0x0000000000458a20       0x80 networking/libiproute/lib.a(iplink.o)
 .text.set_address
                0x0000000000458aa0       0x9c networking/libiproute/lib.a(iplink.o)
 .text.do_iplink
                0x0000000000458b3c      0xdf8 networking/libiproute/lib.a(iplink.o)
                0x0000000000458b3c                do_iplink
 .text.iproute_reset_filter
                0x0000000000459934       0x54 networking/libiproute/lib.a(iproute.o)
 .text.flush_update
                0x0000000000459988       0x7c networking/libiproute/lib.a(iproute.o)
 .text.print_route
                0x0000000000459a04      0xa54 networking/libiproute/lib.a(iproute.o)
 .text.iproute_list_or_flush
                0x000000000045a458      0x730 networking/libiproute/lib.a(iproute.o)
 .text.do_iproute
                0x000000000045ab88      0xb7c networking/libiproute/lib.a(iproute.o)
                0x000000000045ab88                do_iproute
 .text.do_iprule
                0x000000000045b704      0x640 networking/libiproute/lib.a(iprule.o)
                0x000000000045b704                do_iprule
 .text.print_rule
                0x000000000045bd44      0x470 networking/libiproute/lib.a(iprule.o)
 .text.do_get_ioctl
                0x000000000045c1b4       0xb4 networking/libiproute/lib.a(iptunnel.o)
 .text.do_del_ioctl
                0x000000000045c268       0xb8 networking/libiproute/lib.a(iptunnel.o)
 .text.do_add_ioctl
                0x000000000045c320      0x114 networking/libiproute/lib.a(iptunnel.o)
 .text.parse_args
                0x000000000045c434      0x9bc networking/libiproute/lib.a(iptunnel.o)
 .text.do_add   0x000000000045cdf0       0xec networking/libiproute/lib.a(iptunnel.o)
 .text.print_tunnel
                0x000000000045cedc      0x484 networking/libiproute/lib.a(iptunnel.o)
 .text.do_iptunnel
                0x000000000045d360      0x5e0 networking/libiproute/lib.a(iptunnel.o)
                0x000000000045d360                do_iptunnel
 .text.parse_rtattr
                0x000000000045d940       0x9c networking/libiproute/lib.a(libnetlink.o)
                0x000000000045d940                parse_rtattr
 .text.rta_addattr32
                0x000000000045d9dc       0x68 networking/libiproute/lib.a(libnetlink.o)
                0x000000000045d9dc                rta_addattr32
 .text.addattr_l
                0x000000000045da44       0xac networking/libiproute/lib.a(libnetlink.o)
                0x000000000045da44                addattr_l
 .text.addattr32
                0x000000000045daf0       0x68 networking/libiproute/lib.a(libnetlink.o)
                0x000000000045daf0                addattr32
 .text.rtnl_talk
                0x000000000045db58      0x374 networking/libiproute/lib.a(libnetlink.o)
                0x000000000045db58                rtnl_talk
 .text.xrtnl_dump_filter
                0x000000000045decc      0x2bc networking/libiproute/lib.a(libnetlink.o)
                0x000000000045decc                xrtnl_dump_filter
 .text.rtnl_send
                0x000000000045e188       0x98 networking/libiproute/lib.a(libnetlink.o)
                0x000000000045e188                rtnl_send
 .text.xrtnl_wilddump_request
                0x000000000045e220       0x6c networking/libiproute/lib.a(libnetlink.o)
                0x000000000045e220                xrtnl_wilddump_request
 .text.xrtnl_open
                0x000000000045e28c       0xc8 networking/libiproute/lib.a(libnetlink.o)
                0x000000000045e28c                xrtnl_open
 .text.ll_addr_a2n
                0x000000000045e354      0x15c networking/libiproute/lib.a(ll_addr.o)
                0x000000000045e354                ll_addr_a2n
 .text.ll_addr_n2a
                0x000000000045e4b0      0x130 networking/libiproute/lib.a(ll_addr.o)
                0x000000000045e4b0                ll_addr_n2a
 .text.find_by_index
                0x000000000045e5e0       0x64 networking/libiproute/lib.a(ll_map.o)
 .text.ll_index_to_flags
                0x000000000045e644       0x60 networking/libiproute/lib.a(ll_map.o)
                0x000000000045e644                ll_index_to_flags
 .text.ll_init_map
                0x000000000045e6a4       0x60 networking/libiproute/lib.a(ll_map.o)
                0x000000000045e6a4                ll_init_map
 .text.xll_name_to_index
                0x000000000045e704       0xdc networking/libiproute/lib.a(ll_map.o)
                0x000000000045e704                xll_name_to_index
 .text.ll_idx_n2a
                0x000000000045e7e0       0x94 networking/libiproute/lib.a(ll_map.o)
                0x000000000045e7e0                ll_idx_n2a
 .text.ll_index_to_name